/Users/leehao/anaconda3/envs/py3115/bin/python /Users/leehao/code/PyCharm/LightLog/Enhanced TCN for Log Anomaly Detection on the BGL Dataset/train_pca_dim30_epoch100.py
Loading semantic vector JSON file...
Loading semantic vector JSON file...
Loaded 378 semantic vectors.
Loaded 378 semantic vectors.
PCA transformation completed.
PCA transformation completed.
PPA post-processing completed.
PPA post-processing completed.
Reading data from CSV files...
Reading data from CSV files...
Loaded 99699 log sequences.
Loaded 99699 log sequences.
Data successfully loaded and preprocessed.
Data successfully loaded and preprocessed.
Model: "functional"
┏━━━━━━━━━━━━━━━━━━━━━┳━━━━━━━━━━━━━━━━━━━┳━━━━━━━━━━━━┳━━━━━━━━━━━━━━━━━━━┓
┃ Layer (type)        ┃ Output Shape      ┃    Param # ┃ Connected to      ┃
┡━━━━━━━━━━━━━━━━━━━━━╇━━━━━━━━━━━━━━━━━━━╇━━━━━━━━━━━━╇━━━━━━━━━━━━━━━━━━━┩
│ input_layer         │ (None, 300, 30)   │          0 │ -                 │
│ (InputLayer)        │                   │            │                   │
├─────────────────────┼───────────────────┼────────────┼───────────────────┤
│ conv1d (Conv1D)     │ (None, 300, 3)    │        273 │ input_layer[0][0] │
├─────────────────────┼───────────────────┼────────────┼───────────────────┤
│ conv1d_1 (Conv1D)   │ (None, 300, 1)    │         10 │ conv1d[0][0]      │
├─────────────────────┼───────────────────┼────────────┼───────────────────┤
│ conv1d_2 (Conv1D)   │ (None, 300, 3)    │        273 │ input_layer[0][0] │
├─────────────────────┼───────────────────┼────────────┼───────────────────┤
│ add (Add)           │ (None, 300, 3)    │          0 │ conv1d_1[0][0],   │
│                     │                   │            │ conv1d_2[0][0]    │
├─────────────────────┼───────────────────┼────────────┼───────────────────┤
│ activation          │ (None, 300, 3)    │          0 │ add[0][0]         │
│ (Activation)        │                   │            │                   │
├─────────────────────┼───────────────────┼────────────┼───────────────────┤
│ conv1d_3 (Conv1D)   │ (None, 300, 3)    │         30 │ activation[0][0]  │
├─────────────────────┼───────────────────┼────────────┼───────────────────┤
│ conv1d_4 (Conv1D)   │ (None, 300, 1)    │         10 │ conv1d_3[0][0]    │
├─────────────────────┼───────────────────┼────────────┼───────────────────┤
│ add_1 (Add)         │ (None, 300, 3)    │          0 │ conv1d_4[0][0],   │
│                     │                   │            │ activation[0][0]  │
├─────────────────────┼───────────────────┼────────────┼───────────────────┤
│ activation_1        │ (None, 300, 3)    │          0 │ add_1[0][0]       │
│ (Activation)        │                   │            │                   │
├─────────────────────┼───────────────────┼────────────┼───────────────────┤
│ conv1d_5 (Conv1D)   │ (None, 300, 3)    │         30 │ activation_1[0][… │
├─────────────────────┼───────────────────┼────────────┼───────────────────┤
│ conv1d_6 (Conv1D)   │ (None, 300, 1)    │         10 │ conv1d_5[0][0]    │
├─────────────────────┼───────────────────┼────────────┼───────────────────┤
│ add_2 (Add)         │ (None, 300, 3)    │          0 │ conv1d_6[0][0],   │
│                     │                   │            │ activation_1[0][… │
├─────────────────────┼───────────────────┼────────────┼───────────────────┤
│ activation_2        │ (None, 300, 3)    │          0 │ add_2[0][0]       │
│ (Activation)        │                   │            │                   │
├─────────────────────┼───────────────────┼────────────┼───────────────────┤
│ conv1d_7 (Conv1D)   │ (None, 300, 3)    │         30 │ activation_2[0][… │
├─────────────────────┼───────────────────┼────────────┼───────────────────┤
│ conv1d_8 (Conv1D)   │ (None, 300, 1)    │         10 │ conv1d_7[0][0]    │
├─────────────────────┼───────────────────┼────────────┼───────────────────┤
│ add_3 (Add)         │ (None, 300, 3)    │          0 │ conv1d_8[0][0],   │
│                     │                   │            │ activation_2[0][… │
├─────────────────────┼───────────────────┼────────────┼───────────────────┤
│ activation_3        │ (None, 300, 3)    │          0 │ add_3[0][0]       │
│ (Activation)        │                   │            │                   │
├─────────────────────┼───────────────────┼────────────┼───────────────────┤
│ global_average_poo… │ (None, 3)         │          0 │ activation_3[0][… │
│ (GlobalAveragePool… │                   │            │                   │
├─────────────────────┼───────────────────┼────────────┼───────────────────┤
│ dense (Dense)       │ (None, 2)         │          8 │ global_average_p… │
└─────────────────────┴───────────────────┴────────────┴───────────────────┘
 Total params: 684 (2.67 KB)
 Trainable params: 684 (2.67 KB)
 Non-trainable params: 0 (0.00 B)
Epoch 1/100
1091/1091 - 20s - 18ms/step - accuracy: 0.6038 - loss: 0.6542 - val_accuracy: 0.6371 - val_loss: 0.6635
Epoch 2/100
1091/1091 - 11s - 10ms/step - accuracy: 0.6038 - loss: 0.6419 - val_accuracy: 0.6371 - val_loss: 0.6627
Epoch 3/100
1091/1091 - 11s - 10ms/step - accuracy: 0.6038 - loss: 0.6418 - val_accuracy: 0.6371 - val_loss: 0.6637
Epoch 4/100
1091/1091 - 11s - 10ms/step - accuracy: 0.6038 - loss: 0.6416 - val_accuracy: 0.6371 - val_loss: 0.6624
Epoch 5/100
1091/1091 - 11s - 10ms/step - accuracy: 0.6038 - loss: 0.6412 - val_accuracy: 0.6371 - val_loss: 0.6629
Epoch 6/100
1091/1091 - 10s - 10ms/step - accuracy: 0.6038 - loss: 0.6408 - val_accuracy: 0.6371 - val_loss: 0.6639
Epoch 7/100
1091/1091 - 10s - 10ms/step - accuracy: 0.6038 - loss: 0.6405 - val_accuracy: 0.6371 - val_loss: 0.6627
Epoch 8/100
1091/1091 - 10s - 9ms/step - accuracy: 0.6038 - loss: 0.6402 - val_accuracy: 0.6371 - val_loss: 0.6647
Epoch 9/100
1091/1091 - 11s - 10ms/step - accuracy: 0.6038 - loss: 0.6400 - val_accuracy: 0.6371 - val_loss: 0.6635
Epoch 10/100
1091/1091 - 11s - 10ms/step - accuracy: 0.6038 - loss: 0.6397 - val_accuracy: 0.6371 - val_loss: 0.6627
Epoch 11/100
1091/1091 - 11s - 10ms/step - accuracy: 0.6038 - loss: 0.6273 - val_accuracy: 0.6371 - val_loss: 0.6558
Epoch 12/100
1091/1091 - 11s - 10ms/step - accuracy: 0.6038 - loss: 0.6227 - val_accuracy: 0.6371 - val_loss: 0.6562
Epoch 13/100
1091/1091 - 11s - 10ms/step - accuracy: 0.6038 - loss: 0.6224 - val_accuracy: 0.6371 - val_loss: 0.6625
Epoch 14/100
1091/1091 - 10s - 9ms/step - accuracy: 0.6038 - loss: 0.6219 - val_accuracy: 0.6371 - val_loss: 0.6627
Epoch 15/100
1091/1091 - 11s - 10ms/step - accuracy: 0.6038 - loss: 0.6207 - val_accuracy: 0.6371 - val_loss: 0.6617
Epoch 16/100
1091/1091 - 12s - 11ms/step - accuracy: 0.6038 - loss: 0.6192 - val_accuracy: 0.6371 - val_loss: 0.6623
Epoch 17/100
1091/1091 - 12s - 11ms/step - accuracy: 0.6038 - loss: 0.6187 - val_accuracy: 0.6371 - val_loss: 0.6617
Epoch 18/100
1091/1091 - 10s - 10ms/step - accuracy: 0.6038 - loss: 0.6187 - val_accuracy: 0.6371 - val_loss: 0.6620
Epoch 19/100
1091/1091 - 11s - 10ms/step - accuracy: 0.6038 - loss: 0.6187 - val_accuracy: 0.6371 - val_loss: 0.6622
Epoch 20/100
1091/1091 - 11s - 10ms/step - accuracy: 0.6038 - loss: 0.6185 - val_accuracy: 0.6371 - val_loss: 0.6617
Epoch 21/100
1091/1091 - 11s - 10ms/step - accuracy: 0.6038 - loss: 0.6187 - val_accuracy: 0.6371 - val_loss: 0.6628
Epoch 22/100
1091/1091 - 11s - 10ms/step - accuracy: 0.6038 - loss: 0.6185 - val_accuracy: 0.6371 - val_loss: 0.6611
Epoch 23/100
1091/1091 - 10s - 9ms/step - accuracy: 0.6038 - loss: 0.6185 - val_accuracy: 0.6371 - val_loss: 0.6688
Epoch 24/100
1091/1091 - 11s - 10ms/step - accuracy: 0.6038 - loss: 0.6185 - val_accuracy: 0.6371 - val_loss: 0.6660
Epoch 25/100
1091/1091 - 10s - 9ms/step - accuracy: 0.6038 - loss: 0.6185 - val_accuracy: 0.6371 - val_loss: 0.6614
Epoch 26/100
1091/1091 - 10s - 10ms/step - accuracy: 0.6038 - loss: 0.6186 - val_accuracy: 0.6371 - val_loss: 0.6665
Epoch 27/100
1091/1091 - 11s - 10ms/step - accuracy: 0.6038 - loss: 0.6186 - val_accuracy: 0.6371 - val_loss: 0.6612
Epoch 28/100
1091/1091 - 14s - 13ms/step - accuracy: 0.6038 - loss: 0.6185 - val_accuracy: 0.6371 - val_loss: 0.6624
Epoch 29/100
1091/1091 - 12s - 11ms/step - accuracy: 0.6038 - loss: 0.6186 - val_accuracy: 0.6371 - val_loss: 0.6674
Epoch 30/100
1091/1091 - 12s - 11ms/step - accuracy: 0.6038 - loss: 0.6184 - val_accuracy: 0.6371 - val_loss: 0.6613
Epoch 31/100
1091/1091 - 12s - 11ms/step - accuracy: 0.6038 - loss: 0.6187 - val_accuracy: 0.6371 - val_loss: 0.6618
Epoch 32/100
1091/1091 - 13s - 12ms/step - accuracy: 0.6038 - loss: 0.6185 - val_accuracy: 0.6371 - val_loss: 0.6674
Epoch 33/100
1091/1091 - 11s - 10ms/step - accuracy: 0.6038 - loss: 0.6185 - val_accuracy: 0.6371 - val_loss: 0.6619
Epoch 34/100
1091/1091 - 11s - 10ms/step - accuracy: 0.6038 - loss: 0.6185 - val_accuracy: 0.6371 - val_loss: 0.6644
Epoch 35/100
1091/1091 - 11s - 10ms/step - accuracy: 0.6038 - loss: 0.6184 - val_accuracy: 0.6371 - val_loss: 0.6672
Epoch 36/100
1091/1091 - 11s - 10ms/step - accuracy: 0.6038 - loss: 0.6185 - val_accuracy: 0.6371 - val_loss: 0.6660
Epoch 37/100
1091/1091 - 11s - 10ms/step - accuracy: 0.6038 - loss: 0.6185 - val_accuracy: 0.6371 - val_loss: 0.6680
Epoch 38/100
1091/1091 - 12s - 11ms/step - accuracy: 0.6038 - loss: 0.6185 - val_accuracy: 0.6371 - val_loss: 0.6622
Epoch 39/100
1091/1091 - 11s - 10ms/step - accuracy: 0.6038 - loss: 0.6185 - val_accuracy: 0.6371 - val_loss: 0.6678
Epoch 40/100
1091/1091 - 10s - 10ms/step - accuracy: 0.6038 - loss: 0.6185 - val_accuracy: 0.6371 - val_loss: 0.6676
Epoch 41/100
1091/1091 - 10s - 10ms/step - accuracy: 0.6038 - loss: 0.6185 - val_accuracy: 0.6371 - val_loss: 0.6676
Epoch 42/100
1091/1091 - 12s - 11ms/step - accuracy: 0.6038 - loss: 0.6185 - val_accuracy: 0.6371 - val_loss: 0.6658
Epoch 43/100
1091/1091 - 11s - 10ms/step - accuracy: 0.6038 - loss: 0.6185 - val_accuracy: 0.6371 - val_loss: 0.6631
Epoch 44/100
1091/1091 - 12s - 11ms/step - accuracy: 0.6038 - loss: 0.6184 - val_accuracy: 0.6371 - val_loss: 0.6629
Epoch 45/100
1091/1091 - 11s - 10ms/step - accuracy: 0.6038 - loss: 0.6184 - val_accuracy: 0.6371 - val_loss: 0.6674
Epoch 46/100
1091/1091 - 11s - 10ms/step - accuracy: 0.6038 - loss: 0.6185 - val_accuracy: 0.6371 - val_loss: 0.6674
Epoch 47/100
1091/1091 - 12s - 11ms/step - accuracy: 0.6038 - loss: 0.6185 - val_accuracy: 0.6371 - val_loss: 0.6637
Epoch 48/100
1091/1091 - 11s - 10ms/step - accuracy: 0.6038 - loss: 0.6185 - val_accuracy: 0.6371 - val_loss: 0.6674
Epoch 49/100
1091/1091 - 12s - 11ms/step - accuracy: 0.6038 - loss: 0.6184 - val_accuracy: 0.6371 - val_loss: 0.6648
Epoch 50/100
1091/1091 - 11s - 10ms/step - accuracy: 0.6038 - loss: 0.6186 - val_accuracy: 0.6371 - val_loss: 0.6635
Epoch 51/100
1091/1091 - 11s - 10ms/step - accuracy: 0.6038 - loss: 0.6184 - val_accuracy: 0.6371 - val_loss: 0.6681
Epoch 52/100
1091/1091 - 11s - 10ms/step - accuracy: 0.6038 - loss: 0.6187 - val_accuracy: 0.6371 - val_loss: 0.6619
Epoch 53/100
1091/1091 - 11s - 10ms/step - accuracy: 0.6038 - loss: 0.6184 - val_accuracy: 0.6371 - val_loss: 0.6662
Epoch 54/100
1091/1091 - 11s - 10ms/step - accuracy: 0.6038 - loss: 0.6183 - val_accuracy: 0.6371 - val_loss: 0.6616
Epoch 55/100
1091/1091 - 11s - 10ms/step - accuracy: 0.6038 - loss: 0.6184 - val_accuracy: 0.6371 - val_loss: 0.6614
Epoch 56/100
1091/1091 - 11s - 10ms/step - accuracy: 0.6038 - loss: 0.6185 - val_accuracy: 0.6371 - val_loss: 0.6651
Epoch 57/100
1091/1091 - 11s - 10ms/step - accuracy: 0.6038 - loss: 0.6184 - val_accuracy: 0.6371 - val_loss: 0.6605
Epoch 58/100
1091/1091 - 11s - 10ms/step - accuracy: 0.6038 - loss: 0.6184 - val_accuracy: 0.6371 - val_loss: 0.6635
Epoch 59/100
1091/1091 - 11s - 10ms/step - accuracy: 0.6038 - loss: 0.6184 - val_accuracy: 0.6371 - val_loss: 0.6624
Epoch 60/100
1091/1091 - 11s - 10ms/step - accuracy: 0.6038 - loss: 0.6184 - val_accuracy: 0.6371 - val_loss: 0.6630
Epoch 61/100
1091/1091 - 11s - 10ms/step - accuracy: 0.6038 - loss: 0.6184 - val_accuracy: 0.6371 - val_loss: 0.6621
Epoch 62/100
1091/1091 - 12s - 11ms/step - accuracy: 0.6038 - loss: 0.6184 - val_accuracy: 0.6371 - val_loss: 0.6655
Epoch 63/100
1091/1091 - 11s - 10ms/step - accuracy: 0.6038 - loss: 0.6187 - val_accuracy: 0.6371 - val_loss: 0.6626
Epoch 64/100
1091/1091 - 11s - 10ms/step - accuracy: 0.6038 - loss: 0.6183 - val_accuracy: 0.6371 - val_loss: 0.6605
Epoch 65/100
1091/1091 - 11s - 10ms/step - accuracy: 0.6038 - loss: 0.6184 - val_accuracy: 0.6371 - val_loss: 0.6611
Epoch 66/100
1091/1091 - 11s - 10ms/step - accuracy: 0.6038 - loss: 0.6184 - val_accuracy: 0.6371 - val_loss: 0.6622
Epoch 67/100
1091/1091 - 11s - 10ms/step - accuracy: 0.6038 - loss: 0.6184 - val_accuracy: 0.6371 - val_loss: 0.6633
Epoch 68/100
1091/1091 - 11s - 11ms/step - accuracy: 0.6038 - loss: 0.6184 - val_accuracy: 0.6371 - val_loss: 0.6619
Epoch 69/100
1091/1091 - 12s - 11ms/step - accuracy: 0.6038 - loss: 0.6183 - val_accuracy: 0.6371 - val_loss: 0.6637
Epoch 70/100
1091/1091 - 11s - 10ms/step - accuracy: 0.6038 - loss: 0.6184 - val_accuracy: 0.6371 - val_loss: 0.6616
Epoch 71/100
1091/1091 - 11s - 10ms/step - accuracy: 0.6038 - loss: 0.6184 - val_accuracy: 0.6371 - val_loss: 0.6625
Epoch 72/100
1091/1091 - 11s - 10ms/step - accuracy: 0.6038 - loss: 0.6182 - val_accuracy: 0.6371 - val_loss: 0.6623
Epoch 73/100
1091/1091 - 11s - 10ms/step - accuracy: 0.6038 - loss: 0.6183 - val_accuracy: 0.6371 - val_loss: 0.6623
Epoch 74/100
1091/1091 - 11s - 10ms/step - accuracy: 0.6038 - loss: 0.6187 - val_accuracy: 0.6371 - val_loss: 0.6611
Epoch 75/100
1091/1091 - 11s - 10ms/step - accuracy: 0.6038 - loss: 0.6183 - val_accuracy: 0.6371 - val_loss: 0.6632
Epoch 76/100
1091/1091 - 11s - 10ms/step - accuracy: 0.6038 - loss: 0.6181 - val_accuracy: 0.6371 - val_loss: 0.6615
Epoch 77/100
1091/1091 - 12s - 11ms/step - accuracy: 0.6038 - loss: 0.6183 - val_accuracy: 0.6371 - val_loss: 0.6608
Epoch 78/100
1091/1091 - 11s - 10ms/step - accuracy: 0.6038 - loss: 0.6181 - val_accuracy: 0.6371 - val_loss: 0.6612
Epoch 79/100
1091/1091 - 11s - 10ms/step - accuracy: 0.6038 - loss: 0.6184 - val_accuracy: 0.6371 - val_loss: 0.6614
Epoch 80/100
1091/1091 - 11s - 10ms/step - accuracy: 0.6038 - loss: 0.6183 - val_accuracy: 0.6371 - val_loss: 0.6611
Epoch 81/100
1091/1091 - 12s - 11ms/step - accuracy: 0.6038 - loss: 0.6183 - val_accuracy: 0.6371 - val_loss: 0.6634
Epoch 82/100
1091/1091 - 12s - 11ms/step - accuracy: 0.6038 - loss: 0.6183 - val_accuracy: 0.6371 - val_loss: 0.6619
Epoch 83/100
1091/1091 - 12s - 11ms/step - accuracy: 0.6038 - loss: 0.6183 - val_accuracy: 0.6371 - val_loss: 0.6615
Epoch 84/100
1091/1091 - 11s - 10ms/step - accuracy: 0.6038 - loss: 0.6187 - val_accuracy: 0.6371 - val_loss: 0.6609
Epoch 85/100
1091/1091 - 11s - 10ms/step - accuracy: 0.6038 - loss: 0.6185 - val_accuracy: 0.6371 - val_loss: 0.6593
Epoch 86/100
1091/1091 - 12s - 11ms/step - accuracy: 0.6038 - loss: 0.6183 - val_accuracy: 0.6371 - val_loss: 0.6617
Epoch 87/100
1091/1091 - 11s - 10ms/step - accuracy: 0.6038 - loss: 0.6183 - val_accuracy: 0.6371 - val_loss: 0.6626
Epoch 88/100
1091/1091 - 11s - 10ms/step - accuracy: 0.6038 - loss: 0.6181 - val_accuracy: 0.6371 - val_loss: 0.6615
Epoch 89/100
1091/1091 - 12s - 11ms/step - accuracy: 0.6038 - loss: 0.6182 - val_accuracy: 0.6371 - val_loss: 0.6616
Epoch 90/100
1091/1091 - 12s - 11ms/step - accuracy: 0.6038 - loss: 0.6175 - val_accuracy: 0.6371 - val_loss: 0.6616
Epoch 91/100
1091/1091 - 12s - 11ms/step - accuracy: 0.6038 - loss: 0.6158 - val_accuracy: 0.6371 - val_loss: 0.6624
Epoch 92/100
1091/1091 - 12s - 11ms/step - accuracy: 0.6038 - loss: 0.6158 - val_accuracy: 0.6371 - val_loss: 0.6623
Epoch 93/100
1091/1091 - 12s - 11ms/step - accuracy: 0.6038 - loss: 0.6157 - val_accuracy: 0.6371 - val_loss: 0.6560
Epoch 94/100
1091/1091 - 11s - 10ms/step - accuracy: 0.6038 - loss: 0.6139 - val_accuracy: 0.6371 - val_loss: 0.6638
Epoch 95/100
1091/1091 - 15s - 14ms/step - accuracy: 0.6038 - loss: 0.6157 - val_accuracy: 0.6371 - val_loss: 0.6626
Epoch 96/100
1091/1091 - 11s - 10ms/step - accuracy: 0.6038 - loss: 0.6143 - val_accuracy: 0.6371 - val_loss: 0.6568
Epoch 97/100
1091/1091 - 11s - 10ms/step - accuracy: 0.6038 - loss: 0.6133 - val_accuracy: 0.6371 - val_loss: 0.6565
Epoch 98/100
1091/1091 - 10s - 9ms/step - accuracy: 0.6038 - loss: 0.6154 - val_accuracy: 0.6371 - val_loss: 0.6624
Epoch 99/100
1091/1091 - 11s - 10ms/step - accuracy: 0.6038 - loss: 0.6141 - val_accuracy: 0.6371 - val_loss: 0.6562
Epoch 100/100
1091/1091 - 11s - 10ms/step - accuracy: 0.6038 - loss: 0.6133 - val_accuracy: 0.6371 - val_loss: 0.6569
You are saving your model as an HDF5 file via `model.save()` or `keras.saving.save_model(model)`. This file format is considered legacy. We recommend using instead the native Keras format, e.g. `model.save('my_model.keras')` or `keras.saving.save_model(model, 'my_model.keras')`.

Process finished with exit code 0
