/Users/leehao/anaconda3/envs/py3115/bin/python /Users/leehao/code/PyCharm/LightLog/Enhanced TCN for Log Anomaly Detection on the BGL Dataset/train_ppa_dim50_epoch150.py
Loading semantic vector JSON file...
Loading semantic vector JSON file...
Loaded 378 semantic vectors.
Loaded 378 semantic vectors.
PCA transformation completed.
PCA transformation completed.
PPA post-processing completed.
PPA post-processing completed.
Reading data from CSV files...
Reading data from CSV files...
Loaded 99699 log sequences.
Loaded 99699 log sequences.
Data successfully loaded and preprocessed.
Data successfully loaded and preprocessed.
Model: "functional"
┏━━━━━━━━━━━━━━━━━━━━━┳━━━━━━━━━━━━━━━━━━━┳━━━━━━━━━━━━┳━━━━━━━━━━━━━━━━━━━┓
┃ Layer (type)        ┃ Output Shape      ┃    Param # ┃ Connected to      ┃
┡━━━━━━━━━━━━━━━━━━━━━╇━━━━━━━━━━━━━━━━━━━╇━━━━━━━━━━━━╇━━━━━━━━━━━━━━━━━━━┩
│ input_layer         │ (None, 300, 50)   │          0 │ -                 │
│ (InputLayer)        │                   │            │                   │
├─────────────────────┼───────────────────┼────────────┼───────────────────┤
│ conv1d (Conv1D)     │ (None, 300, 3)    │        453 │ input_layer[0][0] │
├─────────────────────┼───────────────────┼────────────┼───────────────────┤
│ conv1d_1 (Conv1D)   │ (None, 300, 1)    │         10 │ conv1d[0][0]      │
├─────────────────────┼───────────────────┼────────────┼───────────────────┤
│ conv1d_2 (Conv1D)   │ (None, 300, 3)    │        453 │ input_layer[0][0] │
├─────────────────────┼───────────────────┼────────────┼───────────────────┤
│ add (Add)           │ (None, 300, 3)    │          0 │ conv1d_1[0][0],   │
│                     │                   │            │ conv1d_2[0][0]    │
├─────────────────────┼───────────────────┼────────────┼───────────────────┤
│ activation          │ (None, 300, 3)    │          0 │ add[0][0]         │
│ (Activation)        │                   │            │                   │
├─────────────────────┼───────────────────┼────────────┼───────────────────┤
│ conv1d_3 (Conv1D)   │ (None, 300, 3)    │         30 │ activation[0][0]  │
├─────────────────────┼───────────────────┼────────────┼───────────────────┤
│ conv1d_4 (Conv1D)   │ (None, 300, 1)    │         10 │ conv1d_3[0][0]    │
├─────────────────────┼───────────────────┼────────────┼───────────────────┤
│ add_1 (Add)         │ (None, 300, 3)    │          0 │ conv1d_4[0][0],   │
│                     │                   │            │ activation[0][0]  │
├─────────────────────┼───────────────────┼────────────┼───────────────────┤
│ activation_1        │ (None, 300, 3)    │          0 │ add_1[0][0]       │
│ (Activation)        │                   │            │                   │
├─────────────────────┼───────────────────┼────────────┼───────────────────┤
│ conv1d_5 (Conv1D)   │ (None, 300, 3)    │         30 │ activation_1[0][… │
├─────────────────────┼───────────────────┼────────────┼───────────────────┤
│ conv1d_6 (Conv1D)   │ (None, 300, 1)    │         10 │ conv1d_5[0][0]    │
├─────────────────────┼───────────────────┼────────────┼───────────────────┤
│ add_2 (Add)         │ (None, 300, 3)    │          0 │ conv1d_6[0][0],   │
│                     │                   │            │ activation_1[0][… │
├─────────────────────┼───────────────────┼────────────┼───────────────────┤
│ activation_2        │ (None, 300, 3)    │          0 │ add_2[0][0]       │
│ (Activation)        │                   │            │                   │
├─────────────────────┼───────────────────┼────────────┼───────────────────┤
│ conv1d_7 (Conv1D)   │ (None, 300, 3)    │         30 │ activation_2[0][… │
├─────────────────────┼───────────────────┼────────────┼───────────────────┤
│ conv1d_8 (Conv1D)   │ (None, 300, 1)    │         10 │ conv1d_7[0][0]    │
├─────────────────────┼───────────────────┼────────────┼───────────────────┤
│ add_3 (Add)         │ (None, 300, 3)    │          0 │ conv1d_8[0][0],   │
│                     │                   │            │ activation_2[0][… │
├─────────────────────┼───────────────────┼────────────┼───────────────────┤
│ activation_3        │ (None, 300, 3)    │          0 │ add_3[0][0]       │
│ (Activation)        │                   │            │                   │
├─────────────────────┼───────────────────┼────────────┼───────────────────┤
│ global_average_poo… │ (None, 3)         │          0 │ activation_3[0][… │
│ (GlobalAveragePool… │                   │            │                   │
├─────────────────────┼───────────────────┼────────────┼───────────────────┤
│ dense (Dense)       │ (None, 2)         │          8 │ global_average_p… │
└─────────────────────┴───────────────────┴────────────┴───────────────────┘
 Total params: 1,044 (4.08 KB)
 Trainable params: 1,044 (4.08 KB)
 Non-trainable params: 0 (0.00 B)
Epoch 1/150
1091/1091 - 29s - 27ms/step - accuracy: 0.6039 - loss: 0.6448 - val_accuracy: 0.6371 - val_loss: 0.6618
Epoch 2/150
1091/1091 - 11s - 10ms/step - accuracy: 0.6227 - loss: 0.5878 - val_accuracy: 0.6656 - val_loss: 0.5801
Epoch 3/150
1091/1091 - 11s - 10ms/step - accuracy: 0.7831 - loss: 0.4465 - val_accuracy: 0.8229 - val_loss: 0.5241
Epoch 4/150
1091/1091 - 11s - 11ms/step - accuracy: 0.8551 - loss: 0.3637 - val_accuracy: 0.8197 - val_loss: 0.4808
Epoch 5/150
1091/1091 - 11s - 11ms/step - accuracy: 0.8875 - loss: 0.3138 - val_accuracy: 0.8546 - val_loss: 0.4816
Epoch 6/150
1091/1091 - 12s - 11ms/step - accuracy: 0.9087 - loss: 0.2756 - val_accuracy: 0.8537 - val_loss: 0.4429
Epoch 7/150
1091/1091 - 11s - 11ms/step - accuracy: 0.9198 - loss: 0.2460 - val_accuracy: 0.8573 - val_loss: 0.4483
Epoch 8/150
1091/1091 - 11s - 10ms/step - accuracy: 0.9275 - loss: 0.2229 - val_accuracy: 0.8724 - val_loss: 0.4474
Epoch 9/150
1091/1091 - 11s - 10ms/step - accuracy: 0.9344 - loss: 0.2051 - val_accuracy: 0.8765 - val_loss: 0.4518
Epoch 10/150
1091/1091 - 12s - 11ms/step - accuracy: 0.9392 - loss: 0.1883 - val_accuracy: 0.8877 - val_loss: 0.4535
Epoch 11/150
1091/1091 - 12s - 11ms/step - accuracy: 0.9438 - loss: 0.1752 - val_accuracy: 0.9239 - val_loss: 0.4661
Epoch 12/150
1091/1091 - 12s - 11ms/step - accuracy: 0.9473 - loss: 0.1636 - val_accuracy: 0.8710 - val_loss: 0.4792
Epoch 13/150
1091/1091 - 11s - 10ms/step - accuracy: 0.9506 - loss: 0.1537 - val_accuracy: 0.8834 - val_loss: 0.4749
Epoch 14/150
1091/1091 - 14s - 13ms/step - accuracy: 0.9534 - loss: 0.1459 - val_accuracy: 0.8913 - val_loss: 0.4670
Epoch 15/150
1091/1091 - 12s - 11ms/step - accuracy: 0.9557 - loss: 0.1387 - val_accuracy: 0.8997 - val_loss: 0.4471
Epoch 16/150
1091/1091 - 12s - 11ms/step - accuracy: 0.9588 - loss: 0.1321 - val_accuracy: 0.9039 - val_loss: 0.4229
Epoch 17/150
1091/1091 - 12s - 11ms/step - accuracy: 0.9603 - loss: 0.1273 - val_accuracy: 0.9041 - val_loss: 0.4279
Epoch 18/150
1091/1091 - 12s - 11ms/step - accuracy: 0.9623 - loss: 0.1236 - val_accuracy: 0.9319 - val_loss: 0.4393
Epoch 19/150
1091/1091 - 12s - 11ms/step - accuracy: 0.9646 - loss: 0.1181 - val_accuracy: 0.9344 - val_loss: 0.4214
Epoch 20/150
1091/1091 - 12s - 11ms/step - accuracy: 0.9667 - loss: 0.1135 - val_accuracy: 0.9338 - val_loss: 0.4161
Epoch 21/150
1091/1091 - 12s - 11ms/step - accuracy: 0.9601 - loss: 0.1594 - val_accuracy: 0.8881 - val_loss: 0.4485
Epoch 22/150
1091/1091 - 11s - 10ms/step - accuracy: 0.9686 - loss: 0.1092 - val_accuracy: 0.9273 - val_loss: 0.4513
Epoch 23/150
1091/1091 - 12s - 11ms/step - accuracy: 0.9707 - loss: 0.1055 - val_accuracy: 0.9423 - val_loss: 0.5706
Epoch 24/150
1091/1091 - 12s - 11ms/step - accuracy: 0.9704 - loss: 0.1036 - val_accuracy: 0.9256 - val_loss: 0.5265
Epoch 25/150
1091/1091 - 12s - 11ms/step - accuracy: 0.9726 - loss: 0.1001 - val_accuracy: 0.8941 - val_loss: 0.5113
Epoch 26/150
1091/1091 - 12s - 11ms/step - accuracy: 0.9738 - loss: 0.0980 - val_accuracy: 0.9265 - val_loss: 0.5488
Epoch 27/150
1091/1091 - 12s - 11ms/step - accuracy: 0.9749 - loss: 0.0953 - val_accuracy: 0.9306 - val_loss: 0.6027
Epoch 28/150
1091/1091 - 11s - 10ms/step - accuracy: 0.9761 - loss: 0.0918 - val_accuracy: 0.9383 - val_loss: 0.6067
Epoch 29/150
1091/1091 - 11s - 10ms/step - accuracy: 0.9759 - loss: 0.0906 - val_accuracy: 0.8878 - val_loss: 0.6147
Epoch 30/150
1091/1091 - 11s - 11ms/step - accuracy: 0.9780 - loss: 0.0873 - val_accuracy: 0.9344 - val_loss: 0.5460
Epoch 31/150
1091/1091 - 12s - 11ms/step - accuracy: 0.9774 - loss: 0.0869 - val_accuracy: 0.9321 - val_loss: 0.5713
Epoch 32/150
1091/1091 - 12s - 11ms/step - accuracy: 0.9781 - loss: 0.0851 - val_accuracy: 0.8986 - val_loss: 0.6319
Epoch 33/150
1091/1091 - 12s - 11ms/step - accuracy: 0.9785 - loss: 0.0828 - val_accuracy: 0.9297 - val_loss: 0.6142
Epoch 34/150
1091/1091 - 12s - 11ms/step - accuracy: 0.9785 - loss: 0.0827 - val_accuracy: 0.9313 - val_loss: 0.5968
Epoch 35/150
1091/1091 - 12s - 11ms/step - accuracy: 0.9800 - loss: 0.0803 - val_accuracy: 0.9103 - val_loss: 0.6396
Epoch 36/150
1091/1091 - 12s - 11ms/step - accuracy: 0.9801 - loss: 0.0799 - val_accuracy: 0.9553 - val_loss: 0.7100
Epoch 37/150
1091/1091 - 12s - 11ms/step - accuracy: 0.9781 - loss: 0.1124 - val_accuracy: 0.9347 - val_loss: 0.5202
Epoch 38/150
1091/1091 - 12s - 11ms/step - accuracy: 0.9808 - loss: 0.0769 - val_accuracy: 0.9315 - val_loss: 0.5239
Epoch 39/150
1091/1091 - 12s - 11ms/step - accuracy: 0.9815 - loss: 0.0755 - val_accuracy: 0.9362 - val_loss: 0.5391
Epoch 40/150
1091/1091 - 12s - 11ms/step - accuracy: 0.9817 - loss: 0.0744 - val_accuracy: 0.9437 - val_loss: 0.5006
Epoch 41/150
1091/1091 - 11s - 10ms/step - accuracy: 0.9816 - loss: 0.0741 - val_accuracy: 0.9333 - val_loss: 0.6182
Epoch 42/150
1091/1091 - 11s - 10ms/step - accuracy: 0.9829 - loss: 0.0724 - val_accuracy: 0.9383 - val_loss: 0.5972
Epoch 43/150
1091/1091 - 11s - 10ms/step - accuracy: 0.9824 - loss: 0.0715 - val_accuracy: 0.9517 - val_loss: 0.6000
Epoch 44/150
1091/1091 - 11s - 10ms/step - accuracy: 0.9829 - loss: 0.0713 - val_accuracy: 0.9479 - val_loss: 0.6159
Epoch 45/150
1091/1091 - 11s - 10ms/step - accuracy: 0.9834 - loss: 0.0695 - val_accuracy: 0.9443 - val_loss: 0.6167
Epoch 46/150
1091/1091 - 11s - 10ms/step - accuracy: 0.9825 - loss: 0.0702 - val_accuracy: 0.9566 - val_loss: 0.6416
Epoch 47/150
1091/1091 - 11s - 10ms/step - accuracy: 0.9831 - loss: 0.0699 - val_accuracy: 0.9510 - val_loss: 0.5570
Epoch 48/150
1091/1091 - 11s - 10ms/step - accuracy: 0.9835 - loss: 0.0677 - val_accuracy: 0.9527 - val_loss: 0.6040
Epoch 49/150
1091/1091 - 11s - 10ms/step - accuracy: 0.9835 - loss: 0.0678 - val_accuracy: 0.9505 - val_loss: 0.6347
Epoch 50/150
1091/1091 - 11s - 10ms/step - accuracy: 0.9845 - loss: 0.0649 - val_accuracy: 0.9525 - val_loss: 0.6471
Epoch 51/150
1091/1091 - 11s - 10ms/step - accuracy: 0.9843 - loss: 0.0648 - val_accuracy: 0.9487 - val_loss: 0.6305
Epoch 52/150
1091/1091 - 11s - 10ms/step - accuracy: 0.9838 - loss: 0.0658 - val_accuracy: 0.9495 - val_loss: 0.6350
Epoch 53/150
1091/1091 - 11s - 10ms/step - accuracy: 0.9845 - loss: 0.0633 - val_accuracy: 0.9503 - val_loss: 0.5801
Epoch 54/150
1091/1091 - 12s - 11ms/step - accuracy: 0.9844 - loss: 0.0635 - val_accuracy: 0.9463 - val_loss: 0.6923
Epoch 55/150
1091/1091 - 12s - 11ms/step - accuracy: 0.9850 - loss: 0.0627 - val_accuracy: 0.9525 - val_loss: 0.6231
Epoch 56/150
1091/1091 - 11s - 10ms/step - accuracy: 0.9858 - loss: 0.0606 - val_accuracy: 0.9529 - val_loss: 0.7519
Epoch 57/150
1091/1091 - 11s - 10ms/step - accuracy: 0.9849 - loss: 0.0626 - val_accuracy: 0.9306 - val_loss: 0.6167
Epoch 58/150
1091/1091 - 11s - 10ms/step - accuracy: 0.9862 - loss: 0.0589 - val_accuracy: 0.9404 - val_loss: 0.4959
Epoch 59/150
1091/1091 - 11s - 10ms/step - accuracy: 0.9860 - loss: 0.0588 - val_accuracy: 0.9435 - val_loss: 0.5415
Epoch 60/150
1091/1091 - 11s - 10ms/step - accuracy: 0.9860 - loss: 0.0582 - val_accuracy: 0.9340 - val_loss: 0.6198
Epoch 61/150
1091/1091 - 11s - 10ms/step - accuracy: 0.9853 - loss: 0.0625 - val_accuracy: 0.9419 - val_loss: 0.7101
Epoch 62/150
1091/1091 - 11s - 10ms/step - accuracy: 0.9861 - loss: 0.0577 - val_accuracy: 0.9425 - val_loss: 0.7639
Epoch 63/150
1091/1091 - 11s - 10ms/step - accuracy: 0.9860 - loss: 0.0563 - val_accuracy: 0.9482 - val_loss: 0.7966
Epoch 64/150
1091/1091 - 11s - 10ms/step - accuracy: 0.9862 - loss: 0.0569 - val_accuracy: 0.9510 - val_loss: 0.8444
Epoch 65/150
1091/1091 - 11s - 10ms/step - accuracy: 0.9864 - loss: 0.0563 - val_accuracy: 0.9458 - val_loss: 0.7164
Epoch 66/150
1091/1091 - 11s - 10ms/step - accuracy: 0.9868 - loss: 0.0557 - val_accuracy: 0.9422 - val_loss: 0.7880
Epoch 67/150
1091/1091 - 11s - 10ms/step - accuracy: 0.9873 - loss: 0.0545 - val_accuracy: 0.9393 - val_loss: 0.8404
Epoch 68/150
1091/1091 - 11s - 10ms/step - accuracy: 0.9869 - loss: 0.0544 - val_accuracy: 0.9442 - val_loss: 0.8007
Epoch 69/150
1091/1091 - 11s - 10ms/step - accuracy: 0.9874 - loss: 0.0531 - val_accuracy: 0.9457 - val_loss: 0.8326
Epoch 70/150
1091/1091 - 11s - 10ms/step - accuracy: 0.9872 - loss: 0.0541 - val_accuracy: 0.9443 - val_loss: 0.9410
Epoch 71/150
1091/1091 - 11s - 10ms/step - accuracy: 0.9872 - loss: 0.0535 - val_accuracy: 0.9465 - val_loss: 0.7568
Epoch 72/150
1091/1091 - 11s - 10ms/step - accuracy: 0.9871 - loss: 0.0528 - val_accuracy: 0.9461 - val_loss: 0.7295
Epoch 73/150
1091/1091 - 12s - 11ms/step - accuracy: 0.9873 - loss: 0.0521 - val_accuracy: 0.9503 - val_loss: 0.8448
Epoch 74/150
1091/1091 - 11s - 10ms/step - accuracy: 0.9877 - loss: 0.0520 - val_accuracy: 0.9377 - val_loss: 0.7978
Epoch 75/150
1091/1091 - 11s - 10ms/step - accuracy: 0.9871 - loss: 0.0521 - val_accuracy: 0.9476 - val_loss: 0.8607
Epoch 76/150
1091/1091 - 11s - 10ms/step - accuracy: 0.9874 - loss: 0.0504 - val_accuracy: 0.9505 - val_loss: 0.8857
Epoch 77/150
1091/1091 - 11s - 10ms/step - accuracy: 0.9873 - loss: 0.0513 - val_accuracy: 0.9461 - val_loss: 0.9111
Epoch 78/150
1091/1091 - 11s - 10ms/step - accuracy: 0.9879 - loss: 0.0503 - val_accuracy: 0.9466 - val_loss: 0.8826
Epoch 79/150
1091/1091 - 11s - 10ms/step - accuracy: 0.9876 - loss: 0.0512 - val_accuracy: 0.9444 - val_loss: 0.8681
Epoch 80/150
1091/1091 - 11s - 10ms/step - accuracy: 0.9878 - loss: 0.0495 - val_accuracy: 0.9455 - val_loss: 0.9178
Epoch 81/150
1091/1091 - 11s - 10ms/step - accuracy: 0.9880 - loss: 0.0497 - val_accuracy: 0.9492 - val_loss: 0.9611
Epoch 82/150
1091/1091 - 12s - 11ms/step - accuracy: 0.9878 - loss: 0.0510 - val_accuracy: 0.9463 - val_loss: 0.8214
Epoch 83/150
1091/1091 - 11s - 11ms/step - accuracy: 0.9882 - loss: 0.0488 - val_accuracy: 0.9502 - val_loss: 0.8609
Epoch 84/150
1091/1091 - 11s - 10ms/step - accuracy: 0.9881 - loss: 0.0498 - val_accuracy: 0.9450 - val_loss: 0.5926
Epoch 85/150
1091/1091 - 11s - 10ms/step - accuracy: 0.9882 - loss: 0.0486 - val_accuracy: 0.9472 - val_loss: 0.5567
Epoch 86/150
1091/1091 - 11s - 10ms/step - accuracy: 0.9886 - loss: 0.0479 - val_accuracy: 0.9473 - val_loss: 0.5827
Epoch 87/150
1091/1091 - 11s - 10ms/step - accuracy: 0.9884 - loss: 0.0468 - val_accuracy: 0.9464 - val_loss: 0.6024
Epoch 88/150
1091/1091 - 11s - 10ms/step - accuracy: 0.9885 - loss: 0.0470 - val_accuracy: 0.9444 - val_loss: 0.6323
Epoch 89/150
1091/1091 - 11s - 10ms/step - accuracy: 0.9887 - loss: 0.0476 - val_accuracy: 0.9117 - val_loss: 0.6573
Epoch 90/150
1091/1091 - 11s - 10ms/step - accuracy: 0.9888 - loss: 0.0466 - val_accuracy: 0.9554 - val_loss: 0.7203
Epoch 91/150
1091/1091 - 11s - 11ms/step - accuracy: 0.9879 - loss: 0.0491 - val_accuracy: 0.9386 - val_loss: 0.7087
Epoch 92/150
1091/1091 - 11s - 10ms/step - accuracy: 0.9884 - loss: 0.0471 - val_accuracy: 0.9432 - val_loss: 0.7891
Epoch 93/150
1091/1091 - 11s - 10ms/step - accuracy: 0.9884 - loss: 0.0468 - val_accuracy: 0.9415 - val_loss: 0.7960
Epoch 94/150
1091/1091 - 11s - 10ms/step - accuracy: 0.9887 - loss: 0.0465 - val_accuracy: 0.9419 - val_loss: 0.8729
Epoch 95/150
1091/1091 - 11s - 10ms/step - accuracy: 0.9887 - loss: 0.0461 - val_accuracy: 0.9425 - val_loss: 0.8424
Epoch 96/150
1091/1091 - 11s - 10ms/step - accuracy: 0.9883 - loss: 0.0467 - val_accuracy: 0.9383 - val_loss: 0.8552
Epoch 97/150
1091/1091 - 11s - 10ms/step - accuracy: 0.9887 - loss: 0.0456 - val_accuracy: 0.9383 - val_loss: 0.8528
Epoch 98/150
1091/1091 - 11s - 10ms/step - accuracy: 0.9866 - loss: 0.0702 - val_accuracy: 0.8977 - val_loss: 1.1531
Epoch 99/150
1091/1091 - 11s - 10ms/step - accuracy: 0.9833 - loss: 0.0987 - val_accuracy: 0.9334 - val_loss: 0.8498
Epoch 100/150
1091/1091 - 11s - 10ms/step - accuracy: 0.9857 - loss: 0.0754 - val_accuracy: 0.9428 - val_loss: 0.8545
Epoch 101/150
1091/1091 - 11s - 10ms/step - accuracy: 0.9863 - loss: 0.0699 - val_accuracy: 0.9398 - val_loss: 0.8739
Epoch 102/150
1091/1091 - 11s - 10ms/step - accuracy: 0.9866 - loss: 0.0675 - val_accuracy: 0.9410 - val_loss: 0.8910
Epoch 103/150
1091/1091 - 11s - 10ms/step - accuracy: 0.9858 - loss: 0.0706 - val_accuracy: 0.9411 - val_loss: 0.8619
Epoch 104/150
1091/1091 - 11s - 10ms/step - accuracy: 0.9872 - loss: 0.0681 - val_accuracy: 0.9354 - val_loss: 0.8648
Epoch 105/150
1091/1091 - 11s - 10ms/step - accuracy: 0.9865 - loss: 0.0703 - val_accuracy: 0.9228 - val_loss: 0.9643
Epoch 106/150
1091/1091 - 11s - 10ms/step - accuracy: 0.9863 - loss: 0.0687 - val_accuracy: 0.9291 - val_loss: 0.8934
Epoch 107/150
1091/1091 - 11s - 10ms/step - accuracy: 0.9864 - loss: 0.0685 - val_accuracy: 0.9294 - val_loss: 0.8712
Epoch 108/150
1091/1091 - 11s - 10ms/step - accuracy: 0.9866 - loss: 0.0696 - val_accuracy: 0.9279 - val_loss: 0.9182
Epoch 109/150
1091/1091 - 11s - 10ms/step - accuracy: 0.9870 - loss: 0.0667 - val_accuracy: 0.9296 - val_loss: 0.8972
Epoch 110/150
1091/1091 - 11s - 10ms/step - accuracy: 0.9871 - loss: 0.0664 - val_accuracy: 0.9282 - val_loss: 0.9293
Epoch 111/150
1091/1091 - 12s - 11ms/step - accuracy: 0.9868 - loss: 0.0672 - val_accuracy: 0.9260 - val_loss: 0.9229
Epoch 112/150
1091/1091 - 11s - 10ms/step - accuracy: 0.9873 - loss: 0.0654 - val_accuracy: 0.9241 - val_loss: 0.9557
Epoch 113/150
1091/1091 - 11s - 10ms/step - accuracy: 0.9872 - loss: 0.0662 - val_accuracy: 0.9269 - val_loss: 0.8774
Epoch 114/150
1091/1091 - 11s - 10ms/step - accuracy: 0.9866 - loss: 0.0673 - val_accuracy: 0.9279 - val_loss: 0.9356
Epoch 115/150
1091/1091 - 12s - 11ms/step - accuracy: 0.9871 - loss: 0.0650 - val_accuracy: 0.9321 - val_loss: 0.8070
Epoch 116/150
1091/1091 - 13s - 12ms/step - accuracy: 0.9874 - loss: 0.0648 - val_accuracy: 0.9289 - val_loss: 0.9377
Epoch 117/150
1091/1091 - 12s - 11ms/step - accuracy: 0.9872 - loss: 0.0643 - val_accuracy: 0.9275 - val_loss: 0.8942
Epoch 118/150
1091/1091 - 12s - 11ms/step - accuracy: 0.9845 - loss: 0.0792 - val_accuracy: 0.9301 - val_loss: 0.9474
Epoch 119/150
1091/1091 - 12s - 11ms/step - accuracy: 0.9878 - loss: 0.0652 - val_accuracy: 0.9247 - val_loss: 0.9790
Epoch 120/150
1091/1091 - 12s - 11ms/step - accuracy: 0.9878 - loss: 0.0652 - val_accuracy: 0.9243 - val_loss: 0.9871
Epoch 121/150
1091/1091 - 12s - 11ms/step - accuracy: 0.9875 - loss: 0.0644 - val_accuracy: 0.9234 - val_loss: 0.9660
Epoch 122/150
1091/1091 - 13s - 12ms/step - accuracy: 0.9877 - loss: 0.0643 - val_accuracy: 0.9279 - val_loss: 0.9482
Epoch 123/150
1091/1091 - 12s - 11ms/step - accuracy: 0.9877 - loss: 0.0644 - val_accuracy: 0.9268 - val_loss: 0.9852
Epoch 124/150
1091/1091 - 12s - 11ms/step - accuracy: 0.9871 - loss: 0.0657 - val_accuracy: 0.9208 - val_loss: 0.9340
Epoch 125/150
1091/1091 - 12s - 11ms/step - accuracy: 0.9877 - loss: 0.0645 - val_accuracy: 0.9318 - val_loss: 0.7789
Epoch 126/150
1091/1091 - 12s - 11ms/step - accuracy: 0.9874 - loss: 0.0649 - val_accuracy: 0.9312 - val_loss: 0.7727
Epoch 127/150
1091/1091 - 12s - 11ms/step - accuracy: 0.9873 - loss: 0.0650 - val_accuracy: 0.9225 - val_loss: 0.9006
Epoch 128/150
1091/1091 - 12s - 11ms/step - accuracy: 0.9851 - loss: 0.0752 - val_accuracy: 0.9302 - val_loss: 0.7627
Epoch 129/150
1091/1091 - 12s - 11ms/step - accuracy: 0.9878 - loss: 0.0645 - val_accuracy: 0.9197 - val_loss: 0.7635
Epoch 130/150
1091/1091 - 12s - 11ms/step - accuracy: 0.9881 - loss: 0.0628 - val_accuracy: 0.9287 - val_loss: 0.8062
Epoch 131/150
1091/1091 - 12s - 11ms/step - accuracy: 0.9877 - loss: 0.0640 - val_accuracy: 0.9282 - val_loss: 0.7015
Epoch 132/150
1091/1091 - 12s - 11ms/step - accuracy: 0.9879 - loss: 0.0639 - val_accuracy: 0.9193 - val_loss: 0.7516
Epoch 133/150
1091/1091 - 12s - 11ms/step - accuracy: 0.9879 - loss: 0.0630 - val_accuracy: 0.9196 - val_loss: 0.6600
Epoch 134/150
1091/1091 - 12s - 11ms/step - accuracy: 0.9878 - loss: 0.0624 - val_accuracy: 0.9212 - val_loss: 0.7965
Epoch 135/150
1091/1091 - 12s - 11ms/step - accuracy: 0.9877 - loss: 0.0629 - val_accuracy: 0.9240 - val_loss: 0.7482
Epoch 136/150
1091/1091 - 12s - 11ms/step - accuracy: 0.9878 - loss: 0.0621 - val_accuracy: 0.9259 - val_loss: 0.8121
Epoch 137/150
1091/1091 - 12s - 11ms/step - accuracy: 0.9878 - loss: 0.0626 - val_accuracy: 0.9210 - val_loss: 0.7930
Epoch 138/150
1091/1091 - 12s - 11ms/step - accuracy: 0.9894 - loss: 0.0460 - val_accuracy: 0.9151 - val_loss: 0.8647
Epoch 139/150
1091/1091 - 12s - 11ms/step - accuracy: 0.9908 - loss: 0.0361 - val_accuracy: 0.9195 - val_loss: 0.8344
Epoch 140/150
1091/1091 - 12s - 11ms/step - accuracy: 0.9905 - loss: 0.0361 - val_accuracy: 0.9182 - val_loss: 0.8853
Epoch 141/150
1091/1091 - 12s - 11ms/step - accuracy: 0.9916 - loss: 0.0351 - val_accuracy: 0.9268 - val_loss: 0.8547
Epoch 142/150
1091/1091 - 11s - 10ms/step - accuracy: 0.9911 - loss: 0.0358 - val_accuracy: 0.9294 - val_loss: 0.8563
Epoch 143/150
1091/1091 - 11s - 10ms/step - accuracy: 0.9915 - loss: 0.0344 - val_accuracy: 0.9228 - val_loss: 0.8608
Epoch 144/150
1091/1091 - 11s - 10ms/step - accuracy: 0.9919 - loss: 0.0339 - val_accuracy: 0.9180 - val_loss: 0.9405
Epoch 145/150
1091/1091 - 12s - 11ms/step - accuracy: 0.9913 - loss: 0.0340 - val_accuracy: 0.9281 - val_loss: 0.8056
Epoch 146/150
1091/1091 - 12s - 11ms/step - accuracy: 0.9914 - loss: 0.0342 - val_accuracy: 0.9205 - val_loss: 0.8426
Epoch 147/150
1091/1091 - 12s - 11ms/step - accuracy: 0.9917 - loss: 0.0339 - val_accuracy: 0.9224 - val_loss: 0.8698
Epoch 148/150
1091/1091 - 12s - 11ms/step - accuracy: 0.9922 - loss: 0.0325 - val_accuracy: 0.9287 - val_loss: 0.8133
Epoch 149/150
1091/1091 - 11s - 10ms/step - accuracy: 0.9920 - loss: 0.0328 - val_accuracy: 0.9179 - val_loss: 0.9212
Epoch 150/150
1091/1091 - 11s - 10ms/step - accuracy: 0.9919 - loss: 0.0318 - val_accuracy: 0.9194 - val_loss: 0.8654
You are saving your model as an HDF5 file via `model.save()` or `keras.saving.save_model(model)`. This file format is considered legacy. We recommend using instead the native Keras format, e.g. `model.save('my_model.keras')` or `keras.saving.save_model(model, 'my_model.keras')`.

Process finished with exit code 0
