/Users/leehao/anaconda3/envs/py3115/bin/python /Users/leehao/code/PyCharm/LightLog/Enhanced TCN for Log Anomaly Detection on the BGL Dataset/train_pca_dim50_epoch200.py
Loading semantic vector JSON file...
Loading semantic vector JSON file...
Loaded 378 semantic vectors.
Loaded 378 semantic vectors.
PCA transformation completed.
PCA transformation completed.
PPA post-processing completed.
PPA post-processing completed.
Reading data from CSV files...
Reading data from CSV files...
Loaded 99699 log sequences.
Loaded 99699 log sequences.
Data successfully loaded and preprocessed.
Data successfully loaded and preprocessed.
Model: "functional"
┏━━━━━━━━━━━━━━━━━━━━━┳━━━━━━━━━━━━━━━━━━━┳━━━━━━━━━━━━┳━━━━━━━━━━━━━━━━━━━┓
┃ Layer (type)        ┃ Output Shape      ┃    Param # ┃ Connected to      ┃
┡━━━━━━━━━━━━━━━━━━━━━╇━━━━━━━━━━━━━━━━━━━╇━━━━━━━━━━━━╇━━━━━━━━━━━━━━━━━━━┩
│ input_layer         │ (None, 300, 50)   │          0 │ -                 │
│ (InputLayer)        │                   │            │                   │
├─────────────────────┼───────────────────┼────────────┼───────────────────┤
│ conv1d (Conv1D)     │ (None, 300, 3)    │        453 │ input_layer[0][0] │
├─────────────────────┼───────────────────┼────────────┼───────────────────┤
│ conv1d_1 (Conv1D)   │ (None, 300, 1)    │         10 │ conv1d[0][0]      │
├─────────────────────┼───────────────────┼────────────┼───────────────────┤
│ conv1d_2 (Conv1D)   │ (None, 300, 3)    │        453 │ input_layer[0][0] │
├─────────────────────┼───────────────────┼────────────┼───────────────────┤
│ add (Add)           │ (None, 300, 3)    │          0 │ conv1d_1[0][0],   │
│                     │                   │            │ conv1d_2[0][0]    │
├─────────────────────┼───────────────────┼────────────┼───────────────────┤
│ activation          │ (None, 300, 3)    │          0 │ add[0][0]         │
│ (Activation)        │                   │            │                   │
├─────────────────────┼───────────────────┼────────────┼───────────────────┤
│ conv1d_3 (Conv1D)   │ (None, 300, 3)    │         30 │ activation[0][0]  │
├─────────────────────┼───────────────────┼────────────┼───────────────────┤
│ conv1d_4 (Conv1D)   │ (None, 300, 1)    │         10 │ conv1d_3[0][0]    │
├─────────────────────┼───────────────────┼────────────┼───────────────────┤
│ add_1 (Add)         │ (None, 300, 3)    │          0 │ conv1d_4[0][0],   │
│                     │                   │            │ activation[0][0]  │
├─────────────────────┼───────────────────┼────────────┼───────────────────┤
│ activation_1        │ (None, 300, 3)    │          0 │ add_1[0][0]       │
│ (Activation)        │                   │            │                   │
├─────────────────────┼───────────────────┼────────────┼───────────────────┤
│ conv1d_5 (Conv1D)   │ (None, 300, 3)    │         30 │ activation_1[0][… │
├─────────────────────┼───────────────────┼────────────┼───────────────────┤
│ conv1d_6 (Conv1D)   │ (None, 300, 1)    │         10 │ conv1d_5[0][0]    │
├─────────────────────┼───────────────────┼────────────┼───────────────────┤
│ add_2 (Add)         │ (None, 300, 3)    │          0 │ conv1d_6[0][0],   │
│                     │                   │            │ activation_1[0][… │
├─────────────────────┼───────────────────┼────────────┼───────────────────┤
│ activation_2        │ (None, 300, 3)    │          0 │ add_2[0][0]       │
│ (Activation)        │                   │            │                   │
├─────────────────────┼───────────────────┼────────────┼───────────────────┤
│ conv1d_7 (Conv1D)   │ (None, 300, 3)    │         30 │ activation_2[0][… │
├─────────────────────┼───────────────────┼────────────┼───────────────────┤
│ conv1d_8 (Conv1D)   │ (None, 300, 1)    │         10 │ conv1d_7[0][0]    │
├─────────────────────┼───────────────────┼────────────┼───────────────────┤
│ add_3 (Add)         │ (None, 300, 3)    │          0 │ conv1d_8[0][0],   │
│                     │                   │            │ activation_2[0][… │
├─────────────────────┼───────────────────┼────────────┼───────────────────┤
│ activation_3        │ (None, 300, 3)    │          0 │ add_3[0][0]       │
│ (Activation)        │                   │            │                   │
├─────────────────────┼───────────────────┼────────────┼───────────────────┤
│ global_average_poo… │ (None, 3)         │          0 │ activation_3[0][… │
│ (GlobalAveragePool… │                   │            │                   │
├─────────────────────┼───────────────────┼────────────┼───────────────────┤
│ dense (Dense)       │ (None, 2)         │          8 │ global_average_p… │
└─────────────────────┴───────────────────┴────────────┴───────────────────┘
 Total params: 1,044 (4.08 KB)
 Trainable params: 1,044 (4.08 KB)
 Non-trainable params: 0 (0.00 B)
Epoch 1/200
1091/1091 - 27s - 25ms/step - accuracy: 0.9707 - loss: 0.3224 - val_accuracy: 0.9980 - val_loss: 0.1862
Epoch 2/200
1091/1091 - 12s - 11ms/step - accuracy: 0.9999 - loss: 0.1253 - val_accuracy: 0.9981 - val_loss: 0.0964
Epoch 3/200
1091/1091 - 11s - 10ms/step - accuracy: 1.0000 - loss: 0.0664 - val_accuracy: 0.9948 - val_loss: 0.0622
Epoch 4/200
1091/1091 - 13s - 12ms/step - accuracy: 1.0000 - loss: 0.0380 - val_accuracy: 0.9948 - val_loss: 0.0440
Epoch 5/200
1091/1091 - 12s - 11ms/step - accuracy: 1.0000 - loss: 0.0228 - val_accuracy: 0.9948 - val_loss: 0.0392
Epoch 6/200
1091/1091 - 11s - 11ms/step - accuracy: 1.0000 - loss: 0.0140 - val_accuracy: 0.9948 - val_loss: 0.0328
Epoch 7/200
1091/1091 - 12s - 11ms/step - accuracy: 1.0000 - loss: 0.0087 - val_accuracy: 0.9948 - val_loss: 0.0309
Epoch 8/200
1091/1091 - 11s - 10ms/step - accuracy: 1.0000 - loss: 0.0055 - val_accuracy: 0.9948 - val_loss: 0.0320
Epoch 9/200
1091/1091 - 11s - 10ms/step - accuracy: 1.0000 - loss: 0.0034 - val_accuracy: 0.9948 - val_loss: 0.0334
Epoch 10/200
1091/1091 - 11s - 10ms/step - accuracy: 1.0000 - loss: 0.0022 - val_accuracy: 0.9948 - val_loss: 0.0367
Epoch 11/200
1091/1091 - 11s - 10ms/step - accuracy: 1.0000 - loss: 0.0014 - val_accuracy: 0.9948 - val_loss: 0.0350
Epoch 12/200
1091/1091 - 12s - 11ms/step - accuracy: 1.0000 - loss: 8.8046e-04 - val_accuracy: 0.9948 - val_loss: 0.0378
Epoch 13/200
1091/1091 - 11s - 10ms/step - accuracy: 1.0000 - loss: 5.5972e-04 - val_accuracy: 0.9948 - val_loss: 0.0413
Epoch 14/200
1091/1091 - 11s - 11ms/step - accuracy: 1.0000 - loss: 3.5599e-04 - val_accuracy: 0.9948 - val_loss: 0.0434
Epoch 15/200
1091/1091 - 12s - 11ms/step - accuracy: 1.0000 - loss: 2.2646e-04 - val_accuracy: 0.9948 - val_loss: 0.0484
Epoch 16/200
1091/1091 - 12s - 11ms/step - accuracy: 1.0000 - loss: 1.4411e-04 - val_accuracy: 0.9948 - val_loss: 0.0492
Epoch 17/200
1091/1091 - 12s - 11ms/step - accuracy: 1.0000 - loss: 9.1709e-05 - val_accuracy: 0.9948 - val_loss: 0.0512
Epoch 18/200
1091/1091 - 12s - 11ms/step - accuracy: 1.0000 - loss: 5.8369e-05 - val_accuracy: 0.9948 - val_loss: 0.0536
Epoch 19/200
1091/1091 - 11s - 10ms/step - accuracy: 1.0000 - loss: 3.7152e-05 - val_accuracy: 0.9948 - val_loss: 0.0564
Epoch 20/200
1091/1091 - 11s - 10ms/step - accuracy: 1.0000 - loss: 2.3656e-05 - val_accuracy: 0.9948 - val_loss: 0.0590
Epoch 21/200
1091/1091 - 11s - 10ms/step - accuracy: 1.0000 - loss: 1.5074e-05 - val_accuracy: 0.9948 - val_loss: 0.0612
Epoch 22/200
1091/1091 - 11s - 10ms/step - accuracy: 1.0000 - loss: 9.6108e-06 - val_accuracy: 0.9948 - val_loss: 0.0628
Epoch 23/200
1091/1091 - 11s - 10ms/step - accuracy: 1.0000 - loss: 6.1343e-06 - val_accuracy: 0.9948 - val_loss: 0.0647
Epoch 24/200
1091/1091 - 11s - 10ms/step - accuracy: 1.0000 - loss: 3.9215e-06 - val_accuracy: 0.9948 - val_loss: 0.0618
Epoch 25/200
1091/1091 - 11s - 10ms/step - accuracy: 1.0000 - loss: 2.5128e-06 - val_accuracy: 0.9948 - val_loss: 0.0633
Epoch 26/200
1091/1091 - 11s - 10ms/step - accuracy: 1.0000 - loss: 1.6166e-06 - val_accuracy: 0.9948 - val_loss: 0.0638
Epoch 27/200
1091/1091 - 11s - 10ms/step - accuracy: 1.0000 - loss: 1.0461e-06 - val_accuracy: 0.9948 - val_loss: 0.0648
Epoch 28/200
1091/1091 - 11s - 11ms/step - accuracy: 1.0000 - loss: 6.8274e-07 - val_accuracy: 0.9948 - val_loss: 0.0654
Epoch 29/200
1091/1091 - 11s - 11ms/step - accuracy: 1.0000 - loss: 4.5114e-07 - val_accuracy: 0.9948 - val_loss: 0.0662
Epoch 30/200
1091/1091 - 11s - 10ms/step - accuracy: 1.0000 - loss: 3.0323e-07 - val_accuracy: 0.9948 - val_loss: 0.0666
Epoch 31/200
1091/1091 - 11s - 10ms/step - accuracy: 1.0000 - loss: 2.0852e-07 - val_accuracy: 0.9948 - val_loss: 0.0670
Epoch 32/200
1091/1091 - 11s - 11ms/step - accuracy: 1.0000 - loss: 1.4740e-07 - val_accuracy: 0.9948 - val_loss: 0.0681
Epoch 33/200
1091/1091 - 11s - 10ms/step - accuracy: 1.0000 - loss: 1.0767e-07 - val_accuracy: 0.9948 - val_loss: 0.0695
Epoch 34/200
1091/1091 - 11s - 10ms/step - accuracy: 1.0000 - loss: 8.1349e-08 - val_accuracy: 0.9948 - val_loss: 0.0699
Epoch 35/200
1091/1091 - 11s - 11ms/step - accuracy: 1.0000 - loss: 6.3430e-08 - val_accuracy: 0.9948 - val_loss: 0.0698
Epoch 36/200
1091/1091 - 11s - 10ms/step - accuracy: 1.0000 - loss: 5.0894e-08 - val_accuracy: 0.9948 - val_loss: 0.0703
Epoch 37/200
1091/1091 - 12s - 11ms/step - accuracy: 1.0000 - loss: 4.2907e-08 - val_accuracy: 0.9948 - val_loss: 0.0706
Epoch 38/200
1091/1091 - 12s - 11ms/step - accuracy: 1.0000 - loss: 3.6437e-08 - val_accuracy: 0.9948 - val_loss: 0.0710
Epoch 39/200
1091/1091 - 11s - 10ms/step - accuracy: 1.0000 - loss: 3.1162e-08 - val_accuracy: 0.9948 - val_loss: 0.0714
Epoch 40/200
1091/1091 - 12s - 11ms/step - accuracy: 1.0000 - loss: 2.6843e-08 - val_accuracy: 0.9948 - val_loss: 0.0714
Epoch 41/200
1091/1091 - 11s - 10ms/step - accuracy: 1.0000 - loss: 2.3277e-08 - val_accuracy: 0.9948 - val_loss: 0.0719
Epoch 42/200
1091/1091 - 11s - 10ms/step - accuracy: 1.0000 - loss: 2.0313e-08 - val_accuracy: 0.9948 - val_loss: 0.0722
Epoch 43/200
1091/1091 - 11s - 10ms/step - accuracy: 1.0000 - loss: 1.8600e-08 - val_accuracy: 0.9948 - val_loss: 0.0730
Epoch 44/200
1091/1091 - 11s - 10ms/step - accuracy: 1.0000 - loss: 1.7764e-08 - val_accuracy: 0.9948 - val_loss: 0.0735
Epoch 45/200
1091/1091 - 11s - 10ms/step - accuracy: 1.0000 - loss: 1.7056e-08 - val_accuracy: 0.9948 - val_loss: 0.0740
Epoch 46/200
1091/1091 - 11s - 10ms/step - accuracy: 1.0000 - loss: 1.6450e-08 - val_accuracy: 0.9948 - val_loss: 0.0740
Epoch 47/200
1091/1091 - 11s - 10ms/step - accuracy: 1.0000 - loss: 1.5926e-08 - val_accuracy: 0.9948 - val_loss: 0.0741
Epoch 48/200
1091/1091 - 11s - 10ms/step - accuracy: 1.0000 - loss: 1.5469e-08 - val_accuracy: 0.9948 - val_loss: 0.0740
Epoch 49/200
1091/1091 - 11s - 10ms/step - accuracy: 1.0000 - loss: 1.5066e-08 - val_accuracy: 0.9948 - val_loss: 0.0745
Epoch 50/200
1091/1091 - 11s - 10ms/step - accuracy: 1.0000 - loss: 1.4709e-08 - val_accuracy: 0.9948 - val_loss: 0.0746
Epoch 51/200
1091/1091 - 11s - 10ms/step - accuracy: 1.0000 - loss: 1.4390e-08 - val_accuracy: 0.9948 - val_loss: 0.0747
Epoch 52/200
1091/1091 - 11s - 10ms/step - accuracy: 1.0000 - loss: 1.4105e-08 - val_accuracy: 0.9948 - val_loss: 0.0748
Epoch 53/200
1091/1091 - 11s - 10ms/step - accuracy: 1.0000 - loss: 1.3847e-08 - val_accuracy: 0.9948 - val_loss: 0.0746
Epoch 54/200
1091/1091 - 12s - 11ms/step - accuracy: 1.0000 - loss: 1.3614e-08 - val_accuracy: 0.9948 - val_loss: 0.0746
Epoch 55/200
1091/1091 - 14s - 13ms/step - accuracy: 1.0000 - loss: 1.3401e-08 - val_accuracy: 0.9948 - val_loss: 0.0748
Epoch 56/200
1091/1091 - 12s - 11ms/step - accuracy: 1.0000 - loss: 1.3207e-08 - val_accuracy: 0.9948 - val_loss: 0.0747
Epoch 57/200
1091/1091 - 12s - 11ms/step - accuracy: 1.0000 - loss: 1.3029e-08 - val_accuracy: 0.9948 - val_loss: 0.0749
Epoch 58/200
1091/1091 - 12s - 11ms/step - accuracy: 1.0000 - loss: 1.2865e-08 - val_accuracy: 0.9948 - val_loss: 0.0751
Epoch 59/200
1091/1091 - 12s - 11ms/step - accuracy: 1.0000 - loss: 1.2713e-08 - val_accuracy: 0.9948 - val_loss: 0.0751
Epoch 60/200
1091/1091 - 12s - 11ms/step - accuracy: 1.0000 - loss: 1.2573e-08 - val_accuracy: 0.9948 - val_loss: 0.0751
Epoch 61/200
1091/1091 - 12s - 11ms/step - accuracy: 1.0000 - loss: 1.2442e-08 - val_accuracy: 0.9948 - val_loss: 0.0751
Epoch 62/200
1091/1091 - 12s - 11ms/step - accuracy: 1.0000 - loss: 1.2321e-08 - val_accuracy: 0.9948 - val_loss: 0.0754
Epoch 63/200
1091/1091 - 12s - 11ms/step - accuracy: 1.0000 - loss: 1.2208e-08 - val_accuracy: 0.9948 - val_loss: 0.0753
Epoch 64/200
1091/1091 - 12s - 11ms/step - accuracy: 1.0000 - loss: 1.2102e-08 - val_accuracy: 0.9948 - val_loss: 0.0753
Epoch 65/200
1091/1091 - 11s - 10ms/step - accuracy: 1.0000 - loss: 1.2002e-08 - val_accuracy: 0.9948 - val_loss: 0.0754
Epoch 66/200
1091/1091 - 12s - 11ms/step - accuracy: 1.0000 - loss: 1.1909e-08 - val_accuracy: 0.9948 - val_loss: 0.0755
Epoch 67/200
1091/1091 - 12s - 11ms/step - accuracy: 1.0000 - loss: 1.1821e-08 - val_accuracy: 0.9948 - val_loss: 0.0755
Epoch 68/200
1091/1091 - 11s - 11ms/step - accuracy: 1.0000 - loss: 1.1739e-08 - val_accuracy: 0.9948 - val_loss: 0.0755
Epoch 69/200
1091/1091 - 11s - 10ms/step - accuracy: 1.0000 - loss: 1.1661e-08 - val_accuracy: 0.9948 - val_loss: 0.0755
Epoch 70/200
1091/1091 - 12s - 11ms/step - accuracy: 1.0000 - loss: 1.1587e-08 - val_accuracy: 0.9948 - val_loss: 0.0756
Epoch 71/200
1091/1091 - 12s - 11ms/step - accuracy: 1.0000 - loss: 1.1517e-08 - val_accuracy: 0.9948 - val_loss: 0.0757
Epoch 72/200
1091/1091 - 12s - 11ms/step - accuracy: 1.0000 - loss: 1.1451e-08 - val_accuracy: 0.9948 - val_loss: 0.0757
Epoch 73/200
1091/1091 - 12s - 11ms/step - accuracy: 1.0000 - loss: 1.1388e-08 - val_accuracy: 0.9948 - val_loss: 0.0758
Epoch 74/200
1091/1091 - 12s - 11ms/step - accuracy: 1.0000 - loss: 1.1328e-08 - val_accuracy: 0.9948 - val_loss: 0.0758
Epoch 75/200
1091/1091 - 12s - 11ms/step - accuracy: 1.0000 - loss: 1.1271e-08 - val_accuracy: 0.9948 - val_loss: 0.0758
Epoch 76/200
1091/1091 - 12s - 11ms/step - accuracy: 1.0000 - loss: 1.1216e-08 - val_accuracy: 0.9948 - val_loss: 0.0759
Epoch 77/200
1091/1091 - 12s - 11ms/step - accuracy: 1.0000 - loss: 1.1165e-08 - val_accuracy: 0.9948 - val_loss: 0.0759
Epoch 78/200
1091/1091 - 12s - 11ms/step - accuracy: 1.0000 - loss: 1.1116e-08 - val_accuracy: 0.9948 - val_loss: 0.0760
Epoch 79/200
1091/1091 - 12s - 11ms/step - accuracy: 1.0000 - loss: 1.1068e-08 - val_accuracy: 0.9948 - val_loss: 0.0760
Epoch 80/200
1091/1091 - 12s - 11ms/step - accuracy: 1.0000 - loss: 1.1023e-08 - val_accuracy: 0.9948 - val_loss: 0.0760
Epoch 81/200
1091/1091 - 12s - 11ms/step - accuracy: 1.0000 - loss: 1.0980e-08 - val_accuracy: 0.9948 - val_loss: 0.0760
Epoch 82/200
1091/1091 - 11s - 10ms/step - accuracy: 1.0000 - loss: 1.0938e-08 - val_accuracy: 0.9948 - val_loss: 0.0760
Epoch 83/200
1091/1091 - 11s - 10ms/step - accuracy: 1.0000 - loss: 1.0898e-08 - val_accuracy: 0.9948 - val_loss: 0.0760
Epoch 84/200
1091/1091 - 11s - 10ms/step - accuracy: 1.0000 - loss: 1.0860e-08 - val_accuracy: 0.9948 - val_loss: 0.0761
Epoch 85/200
1091/1091 - 11s - 10ms/step - accuracy: 1.0000 - loss: 1.0823e-08 - val_accuracy: 0.9948 - val_loss: 0.0761
Epoch 86/200
1091/1091 - 13s - 12ms/step - accuracy: 1.0000 - loss: 1.0788e-08 - val_accuracy: 0.9948 - val_loss: 0.0761
Epoch 87/200
1091/1091 - 12s - 11ms/step - accuracy: 1.0000 - loss: 1.0754e-08 - val_accuracy: 0.9948 - val_loss: 0.0761
Epoch 88/200
1091/1091 - 12s - 11ms/step - accuracy: 1.0000 - loss: 1.0721e-08 - val_accuracy: 0.9948 - val_loss: 0.0762
Epoch 89/200
1091/1091 - 12s - 11ms/step - accuracy: 1.0000 - loss: 1.0689e-08 - val_accuracy: 0.9948 - val_loss: 0.0762
Epoch 90/200
1091/1091 - 11s - 10ms/step - accuracy: 1.0000 - loss: 1.0658e-08 - val_accuracy: 0.9948 - val_loss: 0.0763
Epoch 91/200
1091/1091 - 11s - 10ms/step - accuracy: 1.0000 - loss: 1.0629e-08 - val_accuracy: 0.9948 - val_loss: 0.0763
Epoch 92/200
1091/1091 - 11s - 11ms/step - accuracy: 1.0000 - loss: 1.0601e-08 - val_accuracy: 0.9948 - val_loss: 0.0763
Epoch 93/200
1091/1091 - 12s - 11ms/step - accuracy: 1.0000 - loss: 1.0574e-08 - val_accuracy: 0.9948 - val_loss: 0.0763
Epoch 94/200
1091/1091 - 12s - 11ms/step - accuracy: 1.0000 - loss: 1.0547e-08 - val_accuracy: 0.9948 - val_loss: 0.0762
Epoch 95/200
1091/1091 - 11s - 10ms/step - accuracy: 1.0000 - loss: 1.0522e-08 - val_accuracy: 0.9948 - val_loss: 0.0763
Epoch 96/200
1091/1091 - 11s - 10ms/step - accuracy: 1.0000 - loss: 1.0496e-08 - val_accuracy: 0.9948 - val_loss: 0.0763
Epoch 97/200
1091/1091 - 11s - 10ms/step - accuracy: 1.0000 - loss: 1.0472e-08 - val_accuracy: 0.9948 - val_loss: 0.0763
Epoch 98/200
1091/1091 - 11s - 10ms/step - accuracy: 1.0000 - loss: 1.0448e-08 - val_accuracy: 0.9948 - val_loss: 0.0763
Epoch 99/200
1091/1091 - 11s - 10ms/step - accuracy: 1.0000 - loss: 1.0426e-08 - val_accuracy: 0.9948 - val_loss: 0.0763
Epoch 100/200
1091/1091 - 11s - 11ms/step - accuracy: 1.0000 - loss: 1.0404e-08 - val_accuracy: 0.9948 - val_loss: 0.0763
Epoch 101/200
1091/1091 - 12s - 11ms/step - accuracy: 1.0000 - loss: 1.0384e-08 - val_accuracy: 0.9948 - val_loss: 0.0762
Epoch 102/200
1091/1091 - 12s - 11ms/step - accuracy: 1.0000 - loss: 1.0363e-08 - val_accuracy: 0.9948 - val_loss: 0.0762
Epoch 103/200
1091/1091 - 11s - 10ms/step - accuracy: 1.0000 - loss: 1.0343e-08 - val_accuracy: 0.9948 - val_loss: 0.0762
Epoch 104/200
1091/1091 - 12s - 11ms/step - accuracy: 1.0000 - loss: 1.0324e-08 - val_accuracy: 0.9948 - val_loss: 0.0762
Epoch 105/200
1091/1091 - 11s - 10ms/step - accuracy: 1.0000 - loss: 1.0305e-08 - val_accuracy: 0.9948 - val_loss: 0.0762
Epoch 106/200
1091/1091 - 11s - 10ms/step - accuracy: 1.0000 - loss: 1.0286e-08 - val_accuracy: 0.9948 - val_loss: 0.0762
Epoch 107/200
1091/1091 - 12s - 11ms/step - accuracy: 1.0000 - loss: 1.0267e-08 - val_accuracy: 0.9948 - val_loss: 0.0762
Epoch 108/200
1091/1091 - 12s - 11ms/step - accuracy: 1.0000 - loss: 1.0250e-08 - val_accuracy: 0.9948 - val_loss: 0.0762
Epoch 109/200
1091/1091 - 11s - 10ms/step - accuracy: 1.0000 - loss: 1.0233e-08 - val_accuracy: 0.9948 - val_loss: 0.0762
Epoch 110/200
1091/1091 - 11s - 10ms/step - accuracy: 1.0000 - loss: 1.0217e-08 - val_accuracy: 0.9948 - val_loss: 0.0761
Epoch 111/200
1091/1091 - 11s - 10ms/step - accuracy: 1.0000 - loss: 1.0201e-08 - val_accuracy: 0.9948 - val_loss: 0.0761
Epoch 112/200
1091/1091 - 11s - 10ms/step - accuracy: 1.0000 - loss: 1.0186e-08 - val_accuracy: 0.9948 - val_loss: 0.0762
Epoch 113/200
1091/1091 - 11s - 10ms/step - accuracy: 1.0000 - loss: 1.0171e-08 - val_accuracy: 0.9948 - val_loss: 0.0761
Epoch 114/200
1091/1091 - 13s - 12ms/step - accuracy: 1.0000 - loss: 1.0156e-08 - val_accuracy: 0.9948 - val_loss: 0.0761
Epoch 115/200
1091/1091 - 12s - 11ms/step - accuracy: 1.0000 - loss: 1.0142e-08 - val_accuracy: 0.9948 - val_loss: 0.0761
Epoch 116/200
1091/1091 - 12s - 11ms/step - accuracy: 1.0000 - loss: 1.0128e-08 - val_accuracy: 0.9948 - val_loss: 0.0761
Epoch 117/200
1091/1091 - 12s - 11ms/step - accuracy: 1.0000 - loss: 1.0113e-08 - val_accuracy: 0.9948 - val_loss: 0.0760
Epoch 118/200
1091/1091 - 12s - 11ms/step - accuracy: 1.0000 - loss: 1.0100e-08 - val_accuracy: 0.9948 - val_loss: 0.0761
Epoch 119/200
1091/1091 - 12s - 11ms/step - accuracy: 1.0000 - loss: 1.0086e-08 - val_accuracy: 0.9948 - val_loss: 0.0761
Epoch 120/200
1091/1091 - 12s - 11ms/step - accuracy: 1.0000 - loss: 1.0073e-08 - val_accuracy: 0.9948 - val_loss: 0.0761
Epoch 121/200
1091/1091 - 12s - 11ms/step - accuracy: 1.0000 - loss: 1.0060e-08 - val_accuracy: 0.9948 - val_loss: 0.0760
Epoch 122/200
1091/1091 - 12s - 11ms/step - accuracy: 1.0000 - loss: 1.0047e-08 - val_accuracy: 0.9948 - val_loss: 0.0761
Epoch 123/200
1091/1091 - 12s - 11ms/step - accuracy: 1.0000 - loss: 1.0035e-08 - val_accuracy: 0.9948 - val_loss: 0.0761
Epoch 124/200
1091/1091 - 12s - 11ms/step - accuracy: 1.0000 - loss: 1.0024e-08 - val_accuracy: 0.9948 - val_loss: 0.0761
Epoch 125/200
1091/1091 - 12s - 11ms/step - accuracy: 1.0000 - loss: 1.0013e-08 - val_accuracy: 0.9948 - val_loss: 0.0760
Epoch 126/200
1091/1091 - 12s - 11ms/step - accuracy: 1.0000 - loss: 1.0002e-08 - val_accuracy: 0.9948 - val_loss: 0.0760
Epoch 127/200
1091/1091 - 12s - 11ms/step - accuracy: 1.0000 - loss: 9.9918e-09 - val_accuracy: 0.9948 - val_loss: 0.0760
Epoch 128/200
1091/1091 - 12s - 11ms/step - accuracy: 1.0000 - loss: 9.9815e-09 - val_accuracy: 0.9948 - val_loss: 0.0760
Epoch 129/200
1091/1091 - 12s - 11ms/step - accuracy: 1.0000 - loss: 9.9711e-09 - val_accuracy: 0.9948 - val_loss: 0.0760
Epoch 130/200
1091/1091 - 12s - 11ms/step - accuracy: 1.0000 - loss: 9.9610e-09 - val_accuracy: 0.9948 - val_loss: 0.0760
Epoch 131/200
1091/1091 - 12s - 11ms/step - accuracy: 1.0000 - loss: 9.9509e-09 - val_accuracy: 0.9948 - val_loss: 0.0761
Epoch 132/200
1091/1091 - 12s - 11ms/step - accuracy: 1.0000 - loss: 9.9409e-09 - val_accuracy: 0.9948 - val_loss: 0.0760
Epoch 133/200
1091/1091 - 12s - 11ms/step - accuracy: 1.0000 - loss: 9.9311e-09 - val_accuracy: 0.9948 - val_loss: 0.0760
Epoch 134/200
1091/1091 - 12s - 11ms/step - accuracy: 1.0000 - loss: 9.9213e-09 - val_accuracy: 0.9948 - val_loss: 0.0760
Epoch 135/200
1091/1091 - 12s - 11ms/step - accuracy: 1.0000 - loss: 9.9117e-09 - val_accuracy: 0.9948 - val_loss: 0.0760
Epoch 136/200
1091/1091 - 12s - 11ms/step - accuracy: 1.0000 - loss: 9.9021e-09 - val_accuracy: 0.9948 - val_loss: 0.0760
Epoch 137/200
1091/1091 - 11s - 10ms/step - accuracy: 1.0000 - loss: 9.8927e-09 - val_accuracy: 0.9948 - val_loss: 0.0760
Epoch 138/200
1091/1091 - 12s - 11ms/step - accuracy: 1.0000 - loss: 9.8834e-09 - val_accuracy: 0.9948 - val_loss: 0.0760
Epoch 139/200
1091/1091 - 11s - 11ms/step - accuracy: 1.0000 - loss: 9.8744e-09 - val_accuracy: 0.9948 - val_loss: 0.0760
Epoch 140/200
1091/1091 - 12s - 11ms/step - accuracy: 1.0000 - loss: 9.8657e-09 - val_accuracy: 0.9948 - val_loss: 0.0761
Epoch 141/200
1091/1091 - 11s - 11ms/step - accuracy: 1.0000 - loss: 9.8572e-09 - val_accuracy: 0.9948 - val_loss: 0.0761
Epoch 142/200
1091/1091 - 11s - 10ms/step - accuracy: 1.0000 - loss: 9.8491e-09 - val_accuracy: 0.9948 - val_loss: 0.0761
Epoch 143/200
1091/1091 - 11s - 11ms/step - accuracy: 1.0000 - loss: 9.8413e-09 - val_accuracy: 0.9948 - val_loss: 0.0761
Epoch 144/200
1091/1091 - 11s - 11ms/step - accuracy: 1.0000 - loss: 9.8338e-09 - val_accuracy: 0.9948 - val_loss: 0.0761
Epoch 145/200
1091/1091 - 12s - 11ms/step - accuracy: 1.0000 - loss: 9.8265e-09 - val_accuracy: 0.9948 - val_loss: 0.0761
Epoch 146/200
1091/1091 - 11s - 10ms/step - accuracy: 1.0000 - loss: 9.8195e-09 - val_accuracy: 0.9948 - val_loss: 0.0761
Epoch 147/200
1091/1091 - 11s - 10ms/step - accuracy: 1.0000 - loss: 9.8126e-09 - val_accuracy: 0.9948 - val_loss: 0.0762
Epoch 148/200
1091/1091 - 11s - 10ms/step - accuracy: 1.0000 - loss: 9.8057e-09 - val_accuracy: 0.9948 - val_loss: 0.0762
Epoch 149/200
1091/1091 - 11s - 10ms/step - accuracy: 1.0000 - loss: 9.7989e-09 - val_accuracy: 0.9948 - val_loss: 0.0762
Epoch 150/200
1091/1091 - 11s - 10ms/step - accuracy: 1.0000 - loss: 9.7922e-09 - val_accuracy: 0.9948 - val_loss: 0.0762
Epoch 151/200
1091/1091 - 12s - 11ms/step - accuracy: 1.0000 - loss: 9.7855e-09 - val_accuracy: 0.9948 - val_loss: 0.0762
Epoch 152/200
1091/1091 - 12s - 11ms/step - accuracy: 1.0000 - loss: 9.7789e-09 - val_accuracy: 0.9948 - val_loss: 0.0763
Epoch 153/200
1091/1091 - 11s - 10ms/step - accuracy: 1.0000 - loss: 9.7723e-09 - val_accuracy: 0.9948 - val_loss: 0.0763
Epoch 154/200
1091/1091 - 11s - 10ms/step - accuracy: 1.0000 - loss: 9.7659e-09 - val_accuracy: 0.9948 - val_loss: 0.0762
Epoch 155/200
1091/1091 - 11s - 10ms/step - accuracy: 1.0000 - loss: 9.7594e-09 - val_accuracy: 0.9948 - val_loss: 0.0763
Epoch 156/200
1091/1091 - 12s - 11ms/step - accuracy: 1.0000 - loss: 9.7530e-09 - val_accuracy: 0.9948 - val_loss: 0.0763
Epoch 157/200
1091/1091 - 12s - 11ms/step - accuracy: 1.0000 - loss: 9.7467e-09 - val_accuracy: 0.9948 - val_loss: 0.0763
Epoch 158/200
1091/1091 - 11s - 10ms/step - accuracy: 1.0000 - loss: 9.7404e-09 - val_accuracy: 0.9948 - val_loss: 0.0764
Epoch 159/200
1091/1091 - 11s - 10ms/step - accuracy: 1.0000 - loss: 9.7341e-09 - val_accuracy: 0.9948 - val_loss: 0.0764
Epoch 160/200
1091/1091 - 12s - 11ms/step - accuracy: 1.0000 - loss: 9.7279e-09 - val_accuracy: 0.9948 - val_loss: 0.0764
Epoch 161/200
1091/1091 - 11s - 10ms/step - accuracy: 1.0000 - loss: 9.7218e-09 - val_accuracy: 0.9948 - val_loss: 0.0763
Epoch 162/200
1091/1091 - 11s - 10ms/step - accuracy: 1.0000 - loss: 9.7157e-09 - val_accuracy: 0.9948 - val_loss: 0.0764
Epoch 163/200
1091/1091 - 11s - 10ms/step - accuracy: 1.0000 - loss: 9.7097e-09 - val_accuracy: 0.9948 - val_loss: 0.0764
Epoch 164/200
1091/1091 - 12s - 11ms/step - accuracy: 1.0000 - loss: 9.7037e-09 - val_accuracy: 0.9948 - val_loss: 0.0764
Epoch 165/200
1091/1091 - 11s - 10ms/step - accuracy: 1.0000 - loss: 9.6978e-09 - val_accuracy: 0.9948 - val_loss: 0.0765
Epoch 166/200
1091/1091 - 11s - 10ms/step - accuracy: 1.0000 - loss: 9.6919e-09 - val_accuracy: 0.9948 - val_loss: 0.0764
Epoch 167/200
1091/1091 - 11s - 10ms/step - accuracy: 1.0000 - loss: 9.6862e-09 - val_accuracy: 0.9948 - val_loss: 0.0764
Epoch 168/200
1091/1091 - 11s - 10ms/step - accuracy: 1.0000 - loss: 9.6805e-09 - val_accuracy: 0.9948 - val_loss: 0.0764
Epoch 169/200
1091/1091 - 11s - 10ms/step - accuracy: 1.0000 - loss: 9.6749e-09 - val_accuracy: 0.9948 - val_loss: 0.0765
Epoch 170/200
1091/1091 - 11s - 11ms/step - accuracy: 1.0000 - loss: 9.6695e-09 - val_accuracy: 0.9948 - val_loss: 0.0764
Epoch 171/200
1091/1091 - 11s - 10ms/step - accuracy: 1.0000 - loss: 9.6643e-09 - val_accuracy: 0.9948 - val_loss: 0.0766
Epoch 172/200
1091/1091 - 11s - 10ms/step - accuracy: 1.0000 - loss: 9.6594e-09 - val_accuracy: 0.9948 - val_loss: 0.0766
Epoch 173/200
1091/1091 - 11s - 10ms/step - accuracy: 1.0000 - loss: 9.6546e-09 - val_accuracy: 0.9948 - val_loss: 0.0766
Epoch 174/200
1091/1091 - 11s - 10ms/step - accuracy: 1.0000 - loss: 9.6501e-09 - val_accuracy: 0.9948 - val_loss: 0.0765
Epoch 175/200
1091/1091 - 11s - 10ms/step - accuracy: 1.0000 - loss: 9.6457e-09 - val_accuracy: 0.9948 - val_loss: 0.0767
Epoch 176/200
1091/1091 - 11s - 10ms/step - accuracy: 1.0000 - loss: 9.6414e-09 - val_accuracy: 0.9948 - val_loss: 0.0766
Epoch 177/200
1091/1091 - 11s - 10ms/step - accuracy: 1.0000 - loss: 9.6372e-09 - val_accuracy: 0.9948 - val_loss: 0.0766
Epoch 178/200
1091/1091 - 13s - 12ms/step - accuracy: 1.0000 - loss: 9.6330e-09 - val_accuracy: 0.9948 - val_loss: 0.0766
Epoch 179/200
1091/1091 - 12s - 11ms/step - accuracy: 1.0000 - loss: 9.6290e-09 - val_accuracy: 0.9948 - val_loss: 0.0766
Epoch 180/200
1091/1091 - 12s - 11ms/step - accuracy: 1.0000 - loss: 9.6249e-09 - val_accuracy: 0.9948 - val_loss: 0.0766
Epoch 181/200
1091/1091 - 12s - 11ms/step - accuracy: 1.0000 - loss: 9.6210e-09 - val_accuracy: 0.9948 - val_loss: 0.0767
Epoch 182/200
1091/1091 - 12s - 11ms/step - accuracy: 1.0000 - loss: 9.6170e-09 - val_accuracy: 0.9948 - val_loss: 0.0766
Epoch 183/200
1091/1091 - 12s - 11ms/step - accuracy: 1.0000 - loss: 9.6131e-09 - val_accuracy: 0.9948 - val_loss: 0.0766
Epoch 184/200
1091/1091 - 12s - 11ms/step - accuracy: 1.0000 - loss: 9.6092e-09 - val_accuracy: 0.9948 - val_loss: 0.0767
Epoch 185/200
1091/1091 - 12s - 11ms/step - accuracy: 1.0000 - loss: 9.6053e-09 - val_accuracy: 0.9948 - val_loss: 0.0767
Epoch 186/200
1091/1091 - 11s - 10ms/step - accuracy: 1.0000 - loss: 9.6015e-09 - val_accuracy: 0.9948 - val_loss: 0.0766
Epoch 187/200
1091/1091 - 12s - 11ms/step - accuracy: 1.0000 - loss: 9.5977e-09 - val_accuracy: 0.9948 - val_loss: 0.0767
Epoch 188/200
1091/1091 - 12s - 11ms/step - accuracy: 1.0000 - loss: 9.5939e-09 - val_accuracy: 0.9948 - val_loss: 0.0767
Epoch 189/200
1091/1091 - 12s - 11ms/step - accuracy: 1.0000 - loss: 9.5901e-09 - val_accuracy: 0.9948 - val_loss: 0.0767
Epoch 190/200
1091/1091 - 12s - 11ms/step - accuracy: 1.0000 - loss: 9.5864e-09 - val_accuracy: 0.9948 - val_loss: 0.0768
Epoch 191/200
1091/1091 - 11s - 10ms/step - accuracy: 1.0000 - loss: 9.5826e-09 - val_accuracy: 0.9948 - val_loss: 0.0768
Epoch 192/200
1091/1091 - 11s - 10ms/step - accuracy: 1.0000 - loss: 9.5789e-09 - val_accuracy: 0.9948 - val_loss: 0.0768
Epoch 193/200
1091/1091 - 11s - 10ms/step - accuracy: 1.0000 - loss: 9.5752e-09 - val_accuracy: 0.9948 - val_loss: 0.0768
Epoch 194/200
1091/1091 - 11s - 11ms/step - accuracy: 1.0000 - loss: 9.5716e-09 - val_accuracy: 0.9948 - val_loss: 0.0767
Epoch 195/200
1091/1091 - 11s - 11ms/step - accuracy: 1.0000 - loss: 9.5680e-09 - val_accuracy: 0.9948 - val_loss: 0.0768
Epoch 196/200
1091/1091 - 11s - 10ms/step - accuracy: 1.0000 - loss: 9.5643e-09 - val_accuracy: 0.9948 - val_loss: 0.0768
Epoch 197/200
1091/1091 - 11s - 10ms/step - accuracy: 1.0000 - loss: 9.5608e-09 - val_accuracy: 0.9948 - val_loss: 0.0767
Epoch 198/200
1091/1091 - 11s - 10ms/step - accuracy: 1.0000 - loss: 9.5572e-09 - val_accuracy: 0.9948 - val_loss: 0.0769
Epoch 199/200
1091/1091 - 11s - 10ms/step - accuracy: 1.0000 - loss: 9.5536e-09 - val_accuracy: 0.9948 - val_loss: 0.0769
Epoch 200/200
1091/1091 - 11s - 10ms/step - accuracy: 1.0000 - loss: 9.5501e-09 - val_accuracy: 0.9948 - val_loss: 0.0768
You are saving your model as an HDF5 file via `model.save()` or `keras.saving.save_model(model)`. This file format is considered legacy. We recommend using instead the native Keras format, e.g. `model.save('my_model.keras')` or `keras.saving.save_model(model, 'my_model.keras')`.

Process finished with exit code 0
