/Users/leehao/anaconda3/envs/py3115/bin/python /Users/leehao/code/PyCharm/LightLog/Enhanced TCN for Log Anomaly Detection on the BGL Dataset/train_ppa_dim30_epoch150.py
Loading semantic vector JSON file...
Loading semantic vectorYou are saving your model as an HDF5 file via `model.save()` or `keras.saving.save_model(model)`. This file format is considered legacy. We recommend using instead the native Keras format, e.g. `model.save('my_model.keras')` or `keras.saving.save_model(model, 'my_model.keras')`. 
s.
Loaded 99699 log sequences.
Data successfully loaded and preprocessed.
Data successfully loaded and preprocessed.
Model: "functional"
┏━━━━━━━━━━━━━━━━━━━━━┳━━━━━━━━━━━━━━━━━━━┳━━━━━━━━━━━━┳━━━━━━━━━━━━━━━━━━━┓
┃ Layer (type)        ┃ Output Shape      ┃    Param # ┃ Connected to      ┃
┡━━━━━━━━━━━━━━━━━━━━━╇━━━━━━━━━━━━━━━━━━━╇━━━━━━━━━━━━╇━━━━━━━━━━━━━━━━━━━┩
│ input_layer         │ (None, 300, 30)   │          0 │ -                 │
│ (InputLayer)        │                   │            │                   │
├─────────────────────┼───────────────────┼────────────┼───────────────────┤
│ conv1d (Conv1D)     │ (None, 300, 3)    │        273 │ input_layer[0][0] │
├─────────────────────┼───────────────────┼────────────┼───────────────────┤
│ conv1d_1 (Conv1D)   │ (None, 300, 1)    │         10 │ conv1d[0][0]      │
├─────────────────────┼───────────────────┼────────────┼───────────────────┤
│ conv1d_2 (Conv1D)   │ (None, 300, 3)    │        273 │ input_layer[0][0] │
├─────────────────────┼───────────────────┼────────────┼───────────────────┤
│ add (Add)           │ (None, 300, 3)    │          0 │ conv1d_1[0][0],   │
│                     │                   │            │ conv1d_2[0][0]    │
├─────────────────────┼───────────────────┼────────────┼───────────────────┤
│ activation          │ (None, 300, 3)    │          0 │ add[0][0]         │
│ (Activation)        │                   │            │                   │
├─────────────────────┼───────────────────┼────────────┼───────────────────┤
│ conv1d_3 (Conv1D)   │ (None, 300, 3)    │         30 │ activation[0][0]  │
├─────────────────────┼───────────────────┼────────────┼───────────────────┤
│ conv1d_4 (Conv1D)   │ (None, 300, 1)    │         10 │ conv1d_3[0][0]    │
├─────────────────────┼───────────────────┼────────────┼───────────────────┤
│ add_1 (Add)         │ (None, 300, 3)    │          0 │ conv1d_4[0][0],   │
│                     │                   │            │ activation[0][0]  │
├─────────────────────┼───────────────────┼────────────┼───────────────────┤
│ activation_1        │ (None, 300, 3)    │          0 │ add_1[0][0]       │
│ (Activation)        │                   │            │                   │
├─────────────────────┼───────────────────┼────────────┼───────────────────┤
│ conv1d_5 (Conv1D)   │ (None, 300, 3)    │         30 │ activation_1[0][… │
├─────────────────────┼───────────────────┼────────────┼───────────────────┤
│ conv1d_6 (Conv1D)   │ (None, 300, 1)    │         10 │ conv1d_5[0][0]    │
├─────────────────────┼───────────────────┼────────────┼───────────────────┤
│ add_2 (Add)         │ (None, 300, 3)    │          0 │ conv1d_6[0][0],   │
│                     │                   │            │ activation_1[0][… │
├─────────────────────┼───────────────────┼────────────┼───────────────────┤
│ activation_2        │ (None, 300, 3)    │          0 │ add_2[0][0]       │
│ (Activation)        │                   │            │                   │
├─────────────────────┼───────────────────┼────────────┼───────────────────┤
│ conv1d_7 (Conv1D)   │ (None, 300, 3)    │         30 │ activation_2[0][… │
├─────────────────────┼───────────────────┼────────────┼───────────────────┤
│ conv1d_8 (Conv1D)   │ (None, 300, 1)    │         10 │ conv1d_7[0][0]    │
├─────────────────────┼───────────────────┼────────────┼───────────────────┤
│ add_3 (Add)         │ (None, 300, 3)    │          0 │ conv1d_8[0][0],   │
│                     │                   │            │ activation_2[0][… │
├─────────────────────┼───────────────────┼────────────┼───────────────────┤
│ activation_3        │ (None, 300, 3)    │          0 │ add_3[0][0]       │
│ (Activation)        │                   │            │                   │
├─────────────────────┼───────────────────┼────────────┼───────────────────┤
│ global_average_poo… │ (None, 3)         │          0 │ activation_3[0][… │
│ (GlobalAveragePool… │                   │            │                   │
├─────────────────────┼───────────────────┼────────────┼───────────────────┤
│ dense (Dense)       │ (None, 2)         │          8 │ global_average_p… │
└─────────────────────┴───────────────────┴────────────┴───────────────────┘
 Total params: 684 (2.67 KB)
 Trainable params: 684 (2.67 KB)
 Non-trainable params: 0 (0.00 B)
Epoch 1/150
1091/1091 - 16s - 15ms/step - accuracy: 0.5877 - loss: 0.6254 - val_accuracy: 0.5931 - val_loss: 0.6086
Epoch 2/150
1091/1091 - 10s - 9ms/step - accuracy: 0.6180 - loss: 0.5798 - val_accuracy: 0.6483 - val_loss: 0.5760
Epoch 3/150
1091/1091 - 10s - 10ms/step - accuracy: 0.6744 - loss: 0.5581 - val_accuracy: 0.7212 - val_loss: 0.5681
Epoch 4/150
1091/1091 - 10s - 9ms/step - accuracy: 0.7177 - loss: 0.5433 - val_accuracy: 0.7166 - val_loss: 0.5378
Epoch 5/150
1091/1091 - 10s - 10ms/step - accuracy: 0.7479 - loss: 0.5271 - val_accuracy: 0.7555 - val_loss: 0.5183
Epoch 6/150
1091/1091 - 10s - 9ms/step - accuracy: 0.7662 - loss: 0.5121 - val_accuracy: 0.8340 - val_loss: 0.5220
Epoch 7/150
1091/1091 - 10s - 10ms/step - accuracy: 0.7787 - loss: 0.5001 - val_accuracy: 0.7716 - val_loss: 0.4882
Epoch 8/150
1091/1091 - 10s - 9ms/step - accuracy: 0.7868 - loss: 0.4926 - val_accuracy: 0.7474 - val_loss: 0.4859
Epoch 9/150
1091/1091 - 10s - 9ms/step - accuracy: 0.7925 - loss: 0.4868 - val_accuracy: 0.7680 - val_loss: 0.4787
Epoch 10/150
1091/1091 - 11s - 10ms/step - accuracy: 0.7964 - loss: 0.4838 - val_accuracy: 0.8148 - val_loss: 0.4811
Epoch 11/150
1091/1091 - 10s - 10ms/step - accuracy: 0.8000 - loss: 0.4817 - val_accuracy: 0.8249 - val_loss: 0.4827
Epoch 12/150
1091/1091 - 10s - 10ms/step - accuracy: 0.8039 - loss: 0.4785 - val_accuracy: 0.7676 - val_loss: 0.4741
Epoch 13/150
1091/1091 - 10s - 9ms/step - accuracy: 0.8066 - loss: 0.4751 - val_accuracy: 0.7958 - val_loss: 0.4701
Epoch 14/150
1091/1091 - 10s - 10ms/step - accuracy: 0.8086 - loss: 0.4710 - val_accuracy: 0.8300 - val_loss: 0.4755
Epoch 15/150
1091/1091 - 10s - 10ms/step - accuracy: 0.8111 - loss: 0.4693 - val_accuracy: 0.8273 - val_loss: 0.4260
Epoch 16/150
1091/1091 - 10s - 9ms/step - accuracy: 0.8125 - loss: 0.4675 - val_accuracy: 0.7876 - val_loss: 0.4462
Epoch 17/150
1091/1091 - 10s - 9ms/step - accuracy: 0.8137 - loss: 0.4672 - val_accuracy: 0.7773 - val_loss: 0.4578
Epoch 18/150
1091/1091 - 10s - 9ms/step - accuracy: 0.8145 - loss: 0.4668 - val_accuracy: 0.8351 - val_loss: 0.4669
Epoch 19/150
1091/1091 - 10s - 9ms/step - accuracy: 0.8152 - loss: 0.4659 - val_accuracy: 0.7960 - val_loss: 0.4387
Epoch 20/150
1091/1091 - 10s - 9ms/step - accuracy: 0.8163 - loss: 0.4663 - val_accuracy: 0.7717 - val_loss: 0.4599
Epoch 21/150
1091/1091 - 10s - 9ms/step - accuracy: 0.8161 - loss: 0.4651 - val_accuracy: 0.8199 - val_loss: 0.4591
Epoch 22/150
1091/1091 - 10s - 10ms/step - accuracy: 0.8174 - loss: 0.4643 - val_accuracy: 0.7767 - val_loss: 0.4475
Epoch 23/150
1091/1091 - 10s - 9ms/step - accuracy: 0.8164 - loss: 0.4642 - val_accuracy: 0.7842 - val_loss: 0.4328
Epoch 24/150
1091/1091 - 10s - 9ms/step - accuracy: 0.8183 - loss: 0.4633 - val_accuracy: 0.8448 - val_loss: 0.4573
Epoch 25/150
1091/1091 - 10s - 10ms/step - accuracy: 0.8188 - loss: 0.4751 - val_accuracy: 0.8163 - val_loss: 0.4483
Epoch 26/150
1091/1091 - 10s - 9ms/step - accuracy: 0.8219 - loss: 0.4610 - val_accuracy: 0.8167 - val_loss: 0.4216
Epoch 27/150
1091/1091 - 11s - 10ms/step - accuracy: 0.8208 - loss: 0.4610 - val_accuracy: 0.8430 - val_loss: 0.4560
Epoch 28/150
1091/1091 - 10s - 10ms/step - accuracy: 0.8216 - loss: 0.4602 - val_accuracy: 0.8160 - val_loss: 0.4495
Epoch 29/150
1091/1091 - 11s - 10ms/step - accuracy: 0.8254 - loss: 0.4554 - val_accuracy: 0.8299 - val_loss: 0.4374
Epoch 30/150
1091/1091 - 11s - 10ms/step - accuracy: 0.8281 - loss: 0.4500 - val_accuracy: 0.8240 - val_loss: 0.4461
Epoch 31/150
1091/1091 - 11s - 10ms/step - accuracy: 0.7975 - loss: 0.5114 - val_accuracy: 0.8302 - val_loss: 0.4562
Epoch 32/150
1091/1091 - 11s - 10ms/step - accuracy: 0.8235 - loss: 0.4473 - val_accuracy: 0.8331 - val_loss: 0.4200
Epoch 33/150
1091/1091 - 10s - 10ms/step - accuracy: 0.8288 - loss: 0.4422 - val_accuracy: 0.8255 - val_loss: 0.4014
Epoch 34/150
1091/1091 - 11s - 10ms/step - accuracy: 0.8307 - loss: 0.4424 - val_accuracy: 0.8147 - val_loss: 0.4225
Epoch 35/150
1091/1091 - 11s - 10ms/step - accuracy: 0.8323 - loss: 0.4395 - val_accuracy: 0.8115 - val_loss: 0.4152
Epoch 36/150
1091/1091 - 11s - 10ms/step - accuracy: 0.8347 - loss: 0.4387 - val_accuracy: 0.8290 - val_loss: 0.4083
Epoch 37/150
1091/1091 - 11s - 10ms/step - accuracy: 0.8336 - loss: 0.4387 - val_accuracy: 0.8223 - val_loss: 0.4339
Epoch 38/150
1091/1091 - 11s - 10ms/step - accuracy: 0.8339 - loss: 0.4381 - val_accuracy: 0.8512 - val_loss: 0.4107
Epoch 39/150
1091/1091 - 11s - 10ms/step - accuracy: 0.8334 - loss: 0.4407 - val_accuracy: 0.8394 - val_loss: 0.4038
Epoch 40/150
1091/1091 - 11s - 10ms/step - accuracy: 0.8353 - loss: 0.4367 - val_accuracy: 0.8299 - val_loss: 0.4031
Epoch 41/150
1091/1091 - 11s - 10ms/step - accuracy: 0.8356 - loss: 0.4371 - val_accuracy: 0.8491 - val_loss: 0.4077
Epoch 42/150
1091/1091 - 10s - 10ms/step - accuracy: 0.8360 - loss: 0.4358 - val_accuracy: 0.8340 - val_loss: 0.4002
Epoch 43/150
1091/1091 - 14s - 12ms/step - accuracy: 0.8366 - loss: 0.4350 - val_accuracy: 0.8245 - val_loss: 0.4031
Epoch 44/150
1091/1091 - 11s - 10ms/step - accuracy: 0.8371 - loss: 0.4347 - val_accuracy: 0.8423 - val_loss: 0.4063
Epoch 45/150
1091/1091 - 11s - 10ms/step - accuracy: 0.8369 - loss: 0.4345 - val_accuracy: 0.8323 - val_loss: 0.3867
Epoch 46/150
1091/1091 - 11s - 10ms/step - accuracy: 0.8386 - loss: 0.4320 - val_accuracy: 0.8360 - val_loss: 0.3886
Epoch 47/150
1091/1091 - 11s - 10ms/step - accuracy: 0.8392 - loss: 0.4307 - val_accuracy: 0.8411 - val_loss: 0.4025
Epoch 48/150
1091/1091 - 11s - 10ms/step - accuracy: 0.8415 - loss: 0.4291 - val_accuracy: 0.8229 - val_loss: 0.3938
Epoch 49/150
1091/1091 - 11s - 10ms/step - accuracy: 0.8422 - loss: 0.4286 - val_accuracy: 0.8275 - val_loss: 0.3972
Epoch 50/150
1091/1091 - 11s - 10ms/step - accuracy: 0.8421 - loss: 0.4282 - val_accuracy: 0.8376 - val_loss: 0.4180
Epoch 51/150
1091/1091 - 11s - 10ms/step - accuracy: 0.8428 - loss: 0.4279 - val_accuracy: 0.8147 - val_loss: 0.4218
Epoch 52/150
1091/1091 - 11s - 10ms/step - accuracy: 0.8412 - loss: 0.4298 - val_accuracy: 0.8242 - val_loss: 0.4244
Epoch 53/150
1091/1091 - 11s - 10ms/step - accuracy: 0.8416 - loss: 0.4280 - val_accuracy: 0.8452 - val_loss: 0.4175
Epoch 54/150
1091/1091 - 11s - 10ms/step - accuracy: 0.8429 - loss: 0.4260 - val_accuracy: 0.8374 - val_loss: 0.4183
Epoch 55/150
1091/1091 - 11s - 10ms/step - accuracy: 0.8434 - loss: 0.4258 - val_accuracy: 0.8592 - val_loss: 0.4330
Epoch 56/150
1091/1091 - 11s - 10ms/step - accuracy: 0.8426 - loss: 0.4260 - val_accuracy: 0.8370 - val_loss: 0.4147
Epoch 57/150
1091/1091 - 11s - 10ms/step - accuracy: 0.8432 - loss: 0.4260 - val_accuracy: 0.8399 - val_loss: 0.4114
Epoch 58/150
1091/1091 - 11s - 10ms/step - accuracy: 0.8441 - loss: 0.4246 - val_accuracy: 0.8147 - val_loss: 0.4189
Epoch 59/150
1091/1091 - 11s - 10ms/step - accuracy: 0.8440 - loss: 0.4253 - val_accuracy: 0.8408 - val_loss: 0.4156
Epoch 60/150
1091/1091 - 11s - 10ms/step - accuracy: 0.8439 - loss: 0.4248 - val_accuracy: 0.8242 - val_loss: 0.4169
Epoch 61/150
1091/1091 - 11s - 10ms/step - accuracy: 0.8444 - loss: 0.4249 - val_accuracy: 0.8269 - val_loss: 0.4117
Epoch 62/150
1091/1091 - 11s - 10ms/step - accuracy: 0.8437 - loss: 0.4244 - val_accuracy: 0.8199 - val_loss: 0.4171
Epoch 63/150
1091/1091 - 11s - 10ms/step - accuracy: 0.8442 - loss: 0.4248 - val_accuracy: 0.8306 - val_loss: 0.4129
Epoch 64/150
1091/1091 - 11s - 10ms/step - accuracy: 0.8449 - loss: 0.4242 - val_accuracy: 0.8450 - val_loss: 0.4125
Epoch 65/150
1091/1091 - 11s - 10ms/step - accuracy: 0.8446 - loss: 0.4239 - val_accuracy: 0.8391 - val_loss: 0.4105
Epoch 66/150
1091/1091 - 11s - 10ms/step - accuracy: 0.8440 - loss: 0.4243 - val_accuracy: 0.8462 - val_loss: 0.4204
Epoch 67/150
1091/1091 - 11s - 10ms/step - accuracy: 0.8450 - loss: 0.4239 - val_accuracy: 0.8805 - val_loss: 0.4366
Epoch 68/150
1091/1091 - 11s - 10ms/step - accuracy: 0.8451 - loss: 0.4243 - val_accuracy: 0.8257 - val_loss: 0.4152
Epoch 69/150
1091/1091 - 11s - 10ms/step - accuracy: 0.8454 - loss: 0.4238 - val_accuracy: 0.8693 - val_loss: 0.4307
Epoch 70/150
1091/1091 - 11s - 10ms/step - accuracy: 0.8452 - loss: 0.4241 - val_accuracy: 0.8321 - val_loss: 0.4143
Epoch 71/150
1091/1091 - 11s - 10ms/step - accuracy: 0.8452 - loss: 0.4233 - val_accuracy: 0.8419 - val_loss: 0.4132
Epoch 72/150
1091/1091 - 11s - 10ms/step - accuracy: 0.8445 - loss: 0.4231 - val_accuracy: 0.8397 - val_loss: 0.4095
Epoch 73/150
1091/1091 - 11s - 10ms/step - accuracy: 0.8447 - loss: 0.4241 - val_accuracy: 0.8514 - val_loss: 0.4199
Epoch 74/150
1091/1091 - 11s - 10ms/step - accuracy: 0.8451 - loss: 0.4234 - val_accuracy: 0.8184 - val_loss: 0.4148
Epoch 75/150
1091/1091 - 11s - 10ms/step - accuracy: 0.8449 - loss: 0.4229 - val_accuracy: 0.8274 - val_loss: 0.4149
Epoch 76/150
1091/1091 - 11s - 10ms/step - accuracy: 0.8454 - loss: 0.4231 - val_accuracy: 0.8544 - val_loss: 0.4178
Epoch 77/150
1091/1091 - 11s - 10ms/step - accuracy: 0.8448 - loss: 0.4231 - val_accuracy: 0.8348 - val_loss: 0.4095
Epoch 78/150
1091/1091 - 11s - 10ms/step - accuracy: 0.8452 - loss: 0.4233 - val_accuracy: 0.8391 - val_loss: 0.4155
Epoch 79/150
1091/1091 - 11s - 10ms/step - accuracy: 0.8452 - loss: 0.4232 - val_accuracy: 0.8399 - val_loss: 0.4144
Epoch 80/150
1091/1091 - 11s - 10ms/step - accuracy: 0.8451 - loss: 0.4231 - val_accuracy: 0.8213 - val_loss: 0.4147
Epoch 81/150
1091/1091 - 11s - 10ms/step - accuracy: 0.8450 - loss: 0.4226 - val_accuracy: 0.8214 - val_loss: 0.4100
Epoch 82/150
1091/1091 - 11s - 10ms/step - accuracy: 0.8454 - loss: 0.4228 - val_accuracy: 0.8361 - val_loss: 0.3912
Epoch 83/150
1091/1091 - 11s - 10ms/step - accuracy: 0.8442 - loss: 0.4230 - val_accuracy: 0.8613 - val_loss: 0.3969
Epoch 84/150
1091/1091 - 12s - 11ms/step - accuracy: 0.8450 - loss: 0.4223 - val_accuracy: 0.8506 - val_loss: 0.3930
Epoch 85/150
1091/1091 - 11s - 11ms/step - accuracy: 0.8454 - loss: 0.4224 - val_accuracy: 0.8617 - val_loss: 0.3979
Epoch 86/150
1091/1091 - 12s - 11ms/step - accuracy: 0.8456 - loss: 0.4224 - val_accuracy: 0.8345 - val_loss: 0.3905
Epoch 87/150
1091/1091 - 11s - 10ms/step - accuracy: 0.8448 - loss: 0.4227 - val_accuracy: 0.8578 - val_loss: 0.4079
Epoch 88/150
1091/1091 - 12s - 11ms/step - accuracy: 0.8452 - loss: 0.4226 - val_accuracy: 0.8343 - val_loss: 0.3933
Epoch 89/150
1091/1091 - 11s - 10ms/step - accuracy: 0.8448 - loss: 0.4226 - val_accuracy: 0.8568 - val_loss: 0.3917
Epoch 90/150
1091/1091 - 12s - 11ms/step - accuracy: 0.8448 - loss: 0.4225 - val_accuracy: 0.8387 - val_loss: 0.3967
Epoch 91/150
1091/1091 - 11s - 10ms/step - accuracy: 0.8454 - loss: 0.4222 - val_accuracy: 0.8475 - val_loss: 0.3899
Epoch 92/150
1091/1091 - 11s - 10ms/step - accuracy: 0.8448 - loss: 0.4223 - val_accuracy: 0.8466 - val_loss: 0.3943
Epoch 93/150
1091/1091 - 11s - 10ms/step - accuracy: 0.8450 - loss: 0.4222 - val_accuracy: 0.8439 - val_loss: 0.3941
Epoch 94/150
1091/1091 - 11s - 10ms/step - accuracy: 0.8449 - loss: 0.4222 - val_accuracy: 0.8359 - val_loss: 0.3897
Epoch 95/150
1091/1091 - 11s - 10ms/step - accuracy: 0.8450 - loss: 0.4222 - val_accuracy: 0.8408 - val_loss: 0.3919
Epoch 96/150
1091/1091 - 11s - 10ms/step - accuracy: 0.8456 - loss: 0.4220 - val_accuracy: 0.8742 - val_loss: 0.4016
Epoch 97/150
1091/1091 - 11s - 10ms/step - accuracy: 0.8450 - loss: 0.4223 - val_accuracy: 0.8628 - val_loss: 0.3970
Epoch 98/150
1091/1091 - 11s - 10ms/step - accuracy: 0.8450 - loss: 0.4218 - val_accuracy: 0.8474 - val_loss: 0.3894
Epoch 99/150
1091/1091 - 11s - 10ms/step - accuracy: 0.8455 - loss: 0.4218 - val_accuracy: 0.8451 - val_loss: 0.3898
Epoch 100/150
1091/1091 - 11s - 10ms/step - accuracy: 0.8452 - loss: 0.4221 - val_accuracy: 0.8367 - val_loss: 0.3881
Epoch 101/150
1091/1091 - 11s - 10ms/step - accuracy: 0.8449 - loss: 0.4222 - val_accuracy: 0.8518 - val_loss: 0.3891
Epoch 102/150
1091/1091 - 11s - 10ms/step - accuracy: 0.8447 - loss: 0.4221 - val_accuracy: 0.8375 - val_loss: 0.3877
Epoch 103/150
1091/1091 - 11s - 10ms/step - accuracy: 0.8454 - loss: 0.4217 - val_accuracy: 0.8360 - val_loss: 0.3934
Epoch 104/150
1091/1091 - 11s - 10ms/step - accuracy: 0.8447 - loss: 0.4218 - val_accuracy: 0.8503 - val_loss: 0.3927
Epoch 105/150
1091/1091 - 11s - 10ms/step - accuracy: 0.8452 - loss: 0.4214 - val_accuracy: 0.8596 - val_loss: 0.3975
Epoch 106/150
1091/1091 - 11s - 10ms/step - accuracy: 0.8446 - loss: 0.4221 - val_accuracy: 0.8432 - val_loss: 0.3883
Epoch 107/150
1091/1091 - 11s - 10ms/step - accuracy: 0.8455 - loss: 0.4215 - val_accuracy: 0.8687 - val_loss: 0.3968
Epoch 108/150
1091/1091 - 11s - 10ms/step - accuracy: 0.8445 - loss: 0.4215 - val_accuracy: 0.8419 - val_loss: 0.3944
Epoch 109/150
1091/1091 - 11s - 10ms/step - accuracy: 0.8452 - loss: 0.4216 - val_accuracy: 0.8444 - val_loss: 0.3922
Epoch 110/150
1091/1091 - 11s - 10ms/step - accuracy: 0.8454 - loss: 0.4216 - val_accuracy: 0.8451 - val_loss: 0.3869
Epoch 111/150
1091/1091 - 11s - 10ms/step - accuracy: 0.8456 - loss: 0.4217 - val_accuracy: 0.8332 - val_loss: 0.3919
Epoch 112/150
1091/1091 - 11s - 10ms/step - accuracy: 0.8454 - loss: 0.4216 - val_accuracy: 0.8320 - val_loss: 0.3894
Epoch 113/150
1091/1091 - 11s - 10ms/step - accuracy: 0.8450 - loss: 0.4215 - val_accuracy: 0.8395 - val_loss: 0.3933
Epoch 114/150
1091/1091 - 11s - 10ms/step - accuracy: 0.8451 - loss: 0.4216 - val_accuracy: 0.8405 - val_loss: 0.3974
Epoch 115/150
1091/1091 - 11s - 10ms/step - accuracy: 0.8449 - loss: 0.4212 - val_accuracy: 0.8375 - val_loss: 0.3914
Epoch 116/150
1091/1091 - 11s - 10ms/step - accuracy: 0.8451 - loss: 0.4213 - val_accuracy: 0.8601 - val_loss: 0.3979
Epoch 117/150
1091/1091 - 11s - 10ms/step - accuracy: 0.8458 - loss: 0.4211 - val_accuracy: 0.8489 - val_loss: 0.3865
Epoch 118/150
1091/1091 - 13s - 11ms/step - accuracy: 0.8453 - loss: 0.4212 - val_accuracy: 0.8511 - val_loss: 0.3910
Epoch 119/150
1091/1091 - 11s - 10ms/step - accuracy: 0.8448 - loss: 0.4213 - val_accuracy: 0.8409 - val_loss: 0.3903
Epoch 120/150
1091/1091 - 11s - 10ms/step - accuracy: 0.8452 - loss: 0.4213 - val_accuracy: 0.8469 - val_loss: 0.3847
Epoch 121/150
1091/1091 - 11s - 10ms/step - accuracy: 0.8449 - loss: 0.4215 - val_accuracy: 0.8485 - val_loss: 0.4052
Epoch 122/150
1091/1091 - 11s - 10ms/step - accuracy: 0.8449 - loss: 0.4217 - val_accuracy: 0.8371 - val_loss: 0.3957
Epoch 123/150
1091/1091 - 11s - 10ms/step - accuracy: 0.8456 - loss: 0.4212 - val_accuracy: 0.8736 - val_loss: 0.4111
Epoch 124/150
1091/1091 - 11s - 10ms/step - accuracy: 0.8447 - loss: 0.4221 - val_accuracy: 0.8408 - val_loss: 0.4009
Epoch 125/150
1091/1091 - 11s - 10ms/step - accuracy: 0.8458 - loss: 0.4213 - val_accuracy: 0.8602 - val_loss: 0.3927
Epoch 126/150
1091/1091 - 11s - 10ms/step - accuracy: 0.8452 - loss: 0.4209 - val_accuracy: 0.8290 - val_loss: 0.3913
Epoch 127/150
1091/1091 - 11s - 10ms/step - accuracy: 0.8453 - loss: 0.4212 - val_accuracy: 0.8448 - val_loss: 0.3958
Epoch 128/150
1091/1091 - 11s - 10ms/step - accuracy: 0.8449 - loss: 0.4212 - val_accuracy: 0.8381 - val_loss: 0.4090
Epoch 129/150
1091/1091 - 11s - 10ms/step - accuracy: 0.8452 - loss: 0.4212 - val_accuracy: 0.8507 - val_loss: 0.4072
Epoch 130/150
1091/1091 - 11s - 10ms/step - accuracy: 0.8454 - loss: 0.4211 - val_accuracy: 0.8365 - val_loss: 0.3890
Epoch 131/150
1091/1091 - 11s - 10ms/step - accuracy: 0.8448 - loss: 0.4213 - val_accuracy: 0.8397 - val_loss: 0.3917
Epoch 132/150
1091/1091 - 11s - 10ms/step - accuracy: 0.8456 - loss: 0.4210 - val_accuracy: 0.8348 - val_loss: 0.3887
Epoch 133/150
1091/1091 - 11s - 10ms/step - accuracy: 0.8452 - loss: 0.4214 - val_accuracy: 0.8368 - val_loss: 0.3998
Epoch 134/150
1091/1091 - 11s - 10ms/step - accuracy: 0.8447 - loss: 0.4209 - val_accuracy: 0.8496 - val_loss: 0.3999
Epoch 135/150
1091/1091 - 11s - 10ms/step - accuracy: 0.8461 - loss: 0.4206 - val_accuracy: 0.8433 - val_loss: 0.3910
Epoch 136/150
1091/1091 - 11s - 10ms/step - accuracy: 0.8450 - loss: 0.4207 - val_accuracy: 0.8508 - val_loss: 0.3953
Epoch 137/150
1091/1091 - 11s - 10ms/step - accuracy: 0.8454 - loss: 0.4206 - val_accuracy: 0.8653 - val_loss: 0.3962
Epoch 138/150
1091/1091 - 11s - 10ms/step - accuracy: 0.8453 - loss: 0.4210 - val_accuracy: 0.8326 - val_loss: 0.4002
Epoch 139/150
1091/1091 - 11s - 10ms/step - accuracy: 0.8459 - loss: 0.4207 - val_accuracy: 0.8375 - val_loss: 0.3954
Epoch 140/150
1091/1091 - 11s - 10ms/step - accuracy: 0.8451 - loss: 0.4210 - val_accuracy: 0.8408 - val_loss: 0.3976
Epoch 141/150
1091/1091 - 11s - 10ms/step - accuracy: 0.8460 - loss: 0.4206 - val_accuracy: 0.8605 - val_loss: 0.4037
Epoch 142/150
1091/1091 - 11s - 10ms/step - accuracy: 0.8459 - loss: 0.4207 - val_accuracy: 0.8262 - val_loss: 0.3937
Epoch 143/150
1091/1091 - 11s - 10ms/step - accuracy: 0.8448 - loss: 0.4212 - val_accuracy: 0.8645 - val_loss: 0.4075
Epoch 144/150
1091/1091 - 11s - 10ms/step - accuracy: 0.8452 - loss: 0.4211 - val_accuracy: 0.8480 - val_loss: 0.3898
Epoch 145/150
1091/1091 - 12s - 11ms/step - accuracy: 0.8453 - loss: 0.4206 - val_accuracy: 0.8418 - val_loss: 0.3952
Epoch 146/150
1091/1091 - 12s - 11ms/step - accuracy: 0.8456 - loss: 0.4204 - val_accuracy: 0.8424 - val_loss: 0.3924
Epoch 147/150
1091/1091 - 11s - 11ms/step - accuracy: 0.8455 - loss: 0.4204 - val_accuracy: 0.8397 - val_loss: 0.3917
Epoch 148/150
1091/1091 - 12s - 11ms/step - accuracy: 0.8460 - loss: 0.4204 - val_accuracy: 0.8334 - val_loss: 0.3918
Epoch 149/150
1091/1091 - 12s - 11ms/step - accuracy: 0.8450 - loss: 0.4205 - val_accuracy: 0.8422 - val_loss: 0.3932
Epoch 150/150
1091/1091 - 11s - 10ms/step - accuracy: 0.8454 - loss: 0.4203 - val_accuracy: 0.8429 - val_loss: 0.3944
You are saving your model as an HDF5 file via `model.save()` or `keras.saving.save_model(model)`. This file format is considered legacy. We recommend using instead the native Keras format, e.g. `model.save('my_model.keras')` or `keras.saving.save_model(model, 'my_model.keras')`.

Process finished with exit code 0
